******************************************************************************
                  MSP430 Linker PC v18.1.3                     
******************************************************************************
>> Linked Sun Nov 11 13:28:36 2018

OUTPUT FILE NAME:   <StepTrackerV2.out>
ENTRY POINT SYMBOL: "_c_int00_noargs"  address: 0000c93e


MEMORY CONFIGURATION

         name            origin    length      used     unused   attr    fill
----------------------  --------  ---------  --------  --------  ----  --------
  SFR                   00000000   00000010  00000000  00000010  RWIX
  PERIPHERALS_8BIT      00000010   000000f0  00000000  000000f0  RWIX
  PERIPHERALS_16BIT     00000100   00000100  00000000  00000100  RWIX
  RAM                   00000200   00000200  00000078  00000188  RWIX
  INFOD                 00001000   00000040  00000000  00000040  RWIX
  INFOC                 00001040   00000040  00000000  00000040  RWIX
  INFOB                 00001080   00000040  00000000  00000040  RWIX
  INFOA                 000010c0   00000040  00000000  00000040  RWIX
  FLASH                 0000c000   00003fde  00000cc2  0000331c  RWIX
  BSLSIGNATURE          0000ffde   00000002  00000002  00000000  RWIX  ffff 
  INT00                 0000ffe0   00000002  00000002  00000000  RWIX
  INT01                 0000ffe2   00000002  00000000  00000002  RWIX
  INT02                 0000ffe4   00000002  00000002  00000000  RWIX
  INT03                 0000ffe6   00000002  00000002  00000000  RWIX
  INT04                 0000ffe8   00000002  00000000  00000002  RWIX
  INT05                 0000ffea   00000002  00000002  00000000  RWIX
  INT06                 0000ffec   00000002  00000002  00000000  RWIX
  INT07                 0000ffee   00000002  00000002  00000000  RWIX
  INT08                 0000fff0   00000002  00000002  00000000  RWIX
  INT09                 0000fff2   00000002  00000002  00000000  RWIX
  INT10                 0000fff4   00000002  00000002  00000000  RWIX
  INT11                 0000fff6   00000002  00000002  00000000  RWIX
  INT12                 0000fff8   00000002  00000002  00000000  RWIX
  INT13                 0000fffa   00000002  00000002  00000000  RWIX
  INT14                 0000fffc   00000002  00000002  00000000  RWIX
  RESET                 0000fffe   00000002  00000002  00000000  RWIX


SECTION ALLOCATION MAP

 output                                  attributes/
section   page    origin      length       input sections
--------  ----  ----------  ----------   ----------------
.data      0    00000200    00000019     UNINITIALIZED
                  00000200    00000007     PCD8544.obj (.data)
                  00000207    00000001     main.obj (.data)
                  00000208    00000005     PCD8544.obj (.data:c_ant)
                  0000020d    00000001     --HOLE--
                  0000020e    00000005     PCD8544.obj (.data:f_ant)
                  00000213    00000001     --HOLE--
                  00000214    00000003     PCD8544.obj (.data:stop)
                  00000217    00000002     mma8451.obj (.data)

.bss       0    0000021a    0000000f     UNINITIALIZED
                  0000021a    0000000e     i2c.obj (.bss)
                  00000228    00000001     PCD8544.obj (.bss)

.stack     0    000003b0    00000050     UNINITIALIZED
                  000003b0    00000002     rts430_eabi.lib : boot.c.obj (.stack)
                  000003b2    0000004e     --HOLE--

.text      0    0000c000    00000a88     
                  0000c000    000000de     mma8451.obj (.text:MMA8451OverSampling)
                  0000c0de    000000ba     main.obj (.text:main)
                  0000c198    00000096     PCD8544.obj (.text:recuadro)
                  0000c22e    00000084     i2c.obj (.text:tx_interrupt)
                  0000c2b2    00000080     PCD8544.obj (.text:initLCD)
                  0000c332    0000007c     rts430_eabi.lib : copy_decompress_lzss.c.obj (.text:decompress:lzss:__TI_decompress_lzss)
                  0000c3ae    0000006a     mma8451.obj (.text:MMA8451DataRate)
                  0000c418    0000006a     PCD8544.obj (.text:mover)
                  0000c482    00000050     i2c.obj (.text:init_i2c)
                  0000c4d2    0000004c     rts430_eabi.lib : lsr16.asm.obj (.text)
                  0000c51e    0000004a     PCD8544.obj (.text:dibujar)
                  0000c568    0000004a     PCD8544.obj (.text:direccion)
                  0000c5b2    00000042     mma8451.obj (.text:MMA8451Reset)
                  0000c5f4    00000042     rts430_eabi.lib : autoinit.c.obj (.text:__TI_auto_init_nobinit_nopinit:__TI_auto_init_nobinit_nopinit)
                  0000c636    0000003e     mma8451.obj (.text:read_byte)
                  0000c674    0000003c     i2c.obj (.text:i2c_read)
                  0000c6b0    0000003c     PCD8544.obj (.text:writeCharToLCD)
                  0000c6ec    0000003a     mma8451.obj (.text:MMA8451_2g)
                  0000c726    00000034     mma8451.obj (.text:MMA8451Active)
                  0000c75a    00000034     mma8451.obj (.text:MMA8451StandBy)
                  0000c78e    00000030     mma8451.obj (.text:MMA8451Init)
                  0000c7be    0000002c     rts430_eabi.lib : div16s.asm.obj (.text)
                  0000c7ea    0000002c                     : lsl16.asm.obj (.text)
                  0000c816    0000002a     PCD8544.obj (.text:clearLCD)
                  0000c840    0000002a     PCD8544.obj (.text:paso)
                  0000c86a    00000028     adc.obj (.text:ADCluxLevel)
                  0000c892    00000028     PCD8544.obj (.text:visible)
                  0000c8ba    00000026     i2c.obj (.text:i2c_write)
                  0000c8e0    00000022     PCD8544.obj (.text:writeToLCD)
                  0000c902    0000001e     adc.obj (.text:initADClux)
                  0000c920    0000001e     i2c.obj (.text:rx_interrupt)
                  0000c93e    0000001c     rts430_eabi.lib : boot.c.obj (.text:_c_int00_noargs)
                  0000c95a    0000001a     PCD8544.obj (.text:setAddr)
                  0000c974    00000016     PCD8544.obj (.text:movimiento)
                  0000c98a    00000016     rts430_eabi.lib : div16u.asm.obj (.text)
                  0000c9a0    00000016     PCD8544.obj (.text:writeStringToLCD)
                  0000c9b6    00000014     rts430_eabi.lib : copy_zero_init.c.obj (.text:decompress:ZI:__TI_zero_init_nomemset:__TI_zero_init_nomemset)
                  0000c9ca    00000012                     : copy_decompress_none.c.obj (.text:decompress:none:__TI_decompress_none)
                  0000c9dc    00000012                     : memcpy.c.obj (.text:memcpy)
                  0000c9ee    00000012     main.obj (.text:normalizar)
                  0000ca00    00000010     mma8451.obj (.text:MMA8451OrientDetect)
                  0000ca10    00000010     rts430_eabi.lib : epilog.asm.obj (.text)
                  0000ca20    0000000e     mma8451.obj (.text:MMA8451GetYAxis)
                  0000ca2e    0000000e     mma8451.obj (.text:MMA8451GetZAxis)
                  0000ca3c    0000000c     mma8451.obj (.text:MMA8451GetXAxis)
                  0000ca48    0000000c     main.obj (.text:RTI_T0_TACCR0)
                  0000ca54    0000000c     PCD8544.obj (.text:punto)
                  0000ca60    00000008     adc.obj (.text:ADC10_ISR)
                  0000ca68    00000008     rts430_eabi.lib : isr_trap.asm.obj (.text:_isr:__TI_ISR_TRAP)
                  0000ca70    00000006     mma8451.obj (.text:MMA8451SetDeviceAddr)
                  0000ca76    00000006     rts430_eabi.lib : exit.c.obj (.text:abort)
                  0000ca7c    00000006     i2c.obj (.text:i2c_busy)
                  0000ca82    00000004     rts430_eabi.lib : pre_init.c.obj (.text:_system_pre_init)
                  0000ca86    00000002                     : startup.c.obj (.text:_system_post_cinit)

.const     0    0000ca88    00000218     
                  0000ca88    000001e0     PCD8544.obj (.const:font)
                  0000cc68    00000010     PCD8544.obj (.const:Columna)
                  0000cc78    00000010     PCD8544.obj (.const:Fila)
                  0000cc88    0000000e     main.obj (.const:.string)
                  0000cc96    0000000a     PCD8544.obj (.const:.string)

.cinit     0    0000cca0    00000022     
                  0000cca0    00000010     (.cinit..data.load) [load image, compression = lzss]
                  0000ccb0    00000006     (__TI_handler_table)
                  0000ccb6    00000004     (.cinit..bss.load) [load image, compression = zero_init]
                  0000ccba    00000008     (__TI_cinit_table)

.binit     0    0000c000    00000000     

.init_array 
*          0    0000c000    00000000     UNINITIALIZED

TRAPINT    0    0000ffe0    00000002     
                  0000ffe0    00000002     rts430_eabi.lib : int00.asm.obj (.int00)

PORT1      0    0000ffe4    00000002     
                  0000ffe4    00000002     rts430_eabi.lib : int02.asm.obj (.int02)

PORT2      0    0000ffe6    00000002     
                  0000ffe6    00000002     rts430_eabi.lib : int03.asm.obj (.int03)

ADC10      0    0000ffea    00000002     
                  0000ffea    00000002     adc.obj (.int05)

USCIAB0TX 
*          0    0000ffec    00000002     
                  0000ffec    00000002     i2c.obj (.int06)

USCIAB0RX 
*          0    0000ffee    00000002     
                  0000ffee    00000002     i2c.obj (.int07)

TIMER0_A1 
*          0    0000fff0    00000002     
                  0000fff0    00000002     rts430_eabi.lib : int08.asm.obj (.int08)

TIMER0_A0 
*          0    0000fff2    00000002     
                  0000fff2    00000002     main.obj (.int09)

WDT        0    0000fff4    00000002     
                  0000fff4    00000002     rts430_eabi.lib : int10.asm.obj (.int10)

COMPARATORA 
*          0    0000fff6    00000002     
                  0000fff6    00000002     rts430_eabi.lib : int11.asm.obj (.int11)

TIMER1_A1 
*          0    0000fff8    00000002     
                  0000fff8    00000002     rts430_eabi.lib : int12.asm.obj (.int12)

TIMER1_A0 
*          0    0000fffa    00000002     
                  0000fffa    00000002     rts430_eabi.lib : int13.asm.obj (.int13)

NMI        0    0000fffc    00000002     
                  0000fffc    00000002     rts430_eabi.lib : int14.asm.obj (.int14)

.reset     0    0000fffe    00000002     
                  0000fffe    00000002     rts430_eabi.lib : boot.c.obj (.reset)

$fill000   0    0000ffde    00000002     
                  0000ffde    00000002     --HOLE-- [fill = ffff]

MODULE SUMMARY

       Module                       code   ro data   rw data
       ------                       ----   -------   -------
    .\
       PCD8544.obj                  832    522       21     
       mma8451.obj                  728    0         2      
       i2c.obj                      346    4         14     
       main.obj                     216    16        1      
       adc.obj                      78     2         0      
    +--+----------------------------+------+---------+---------+
       Total:                       2200   544       38     
                                                            
    C:\ti\ccsv8\tools\compiler\ti-cgt-msp430_18.1.3.LTS\lib\rts430_eabi.lib
       copy_decompress_lzss.c.obj   124    0         0      
       lsr16.asm.obj                76     0         0      
       autoinit.c.obj               66     0         0      
       div16s.asm.obj               44     0         0      
       lsl16.asm.obj                44     0         0      
       boot.c.obj                   28     2         0      
       div16u.asm.obj               22     0         0      
       copy_zero_init.c.obj         20     0         0      
       copy_decompress_none.c.obj   18     0         0      
       memcpy.c.obj                 18     0         0      
       epilog.asm.obj               16     0         0      
       isr_trap.asm.obj             8      0         0      
       exit.c.obj                   6      0         0      
       pre_init.c.obj               4      0         0      
       int00.asm.obj                0      2         0      
       int02.asm.obj                0      2         0      
       int03.asm.obj                0      2         0      
       int08.asm.obj                0      2         0      
       int10.asm.obj                0      2         0      
       int11.asm.obj                0      2         0      
       int12.asm.obj                0      2         0      
       int13.asm.obj                0      2         0      
       int14.asm.obj                0      2         0      
       startup.c.obj                2      0         0      
    +--+----------------------------+------+---------+---------+
       Total:                       496    20        0      
                                                            
       Stack:                       0      0         80     
       Linker Generated:            0      34        0      
    +--+----------------------------+------+---------+---------+
       Grand Total:                 2696   598       118    


LINKER GENERATED COPY TABLES

__TI_cinit_table @ 0000ccba records: 2, size/record: 4, table size: 8
	.data: load addr=0000cca0, load size=00000010 bytes, run addr=00000200, run size=00000019 bytes, compression=lzss
	.bss: load addr=0000ccb6, load size=00000004 bytes, run addr=0000021a, run size=0000000f bytes, compression=zero_init


LINKER GENERATED HANDLER TABLE

__TI_handler_table @ 0000ccb0 records: 3, size/record: 2, table size: 6
	index: 0, handler: __TI_zero_init
	index: 1, handler: __TI_decompress_lzss
	index: 2, handler: __TI_decompress_none


GLOBAL SYMBOLS: SORTED ALPHABETICALLY BY Name 

address   name                          
-------   ----                          
0000004a  ADC10AE0                      
000001b0  ADC10CTL0                     
000001b2  ADC10CTL1                     
00000048  ADC10DTC0                     
00000049  ADC10DTC1                     
000001b4  ADC10MEM                      
000001bc  ADC10SA                       
0000ca60  ADC10_ISR                     
0000c86a  ADCluxLevel                   
00000057  BCSCTL1                       
00000058  BCSCTL2                       
00000053  BCSCTL3                       
0000ca76  C$$EXIT                       
00000059  CACTL1                        
0000005a  CACTL2                        
000010fb  CALBC1_12MHZ                  
000010f9  CALBC1_16MHZ                  
000010ff  CALBC1_1MHZ                   
000010fd  CALBC1_8MHZ                   
000010fa  CALDCO_12MHZ                  
000010f8  CALDCO_16MHZ                  
000010fe  CALDCO_1MHZ                   
000010fc  CALDCO_8MHZ                   
0000005b  CAPD                          
00000056  DCOCTL                        
00000128  FCTL1                         
0000012a  FCTL2                         
0000012c  FCTL3                         
00000000  IE1                           
00000001  IE2                           
00000002  IFG1                          
00000003  IFG2                          
0000c726  MMA8451Active                 
0000c3ae  MMA8451DataRate               
0000ca3c  MMA8451GetXAxis               
0000ca20  MMA8451GetYAxis               
0000ca2e  MMA8451GetZAxis               
0000c78e  MMA8451Init                   
0000ca00  MMA8451OrientDetect           
0000c000  MMA8451OverSampling           
0000c5b2  MMA8451Reset                  
0000ca70  MMA8451SetDeviceAddr          
0000c75a  MMA8451StandBy                
0000c6ec  MMA8451_2g                    
00000022  P1DIR                         
00000025  P1IE                          
00000024  P1IES                         
00000023  P1IFG                         
00000020  P1IN                          
00000021  P1OUT                         
00000027  P1REN                         
00000026  P1SEL                         
00000041  P1SEL2                        
0000002a  P2DIR                         
0000002d  P2IE                          
0000002c  P2IES                         
0000002b  P2IFG                         
00000028  P2IN                          
00000029  P2OUT                         
0000002f  P2REN                         
0000002e  P2SEL                         
00000042  P2SEL2                        
0000001a  P3DIR                         
00000018  P3IN                          
00000019  P3OUT                         
00000010  P3REN                         
0000001b  P3SEL                         
00000043  P3SEL2                        
0000ca48  RTI_T0_TACCR0                 
00000172  TA0CCR0                       
00000174  TA0CCR1                       
00000176  TA0CCR2                       
00000162  TA0CCTL0                      
00000164  TA0CCTL1                      
00000166  TA0CCTL2                      
00000160  TA0CTL                        
0000012e  TA0IV                         
00000170  TA0R                          
00000192  TA1CCR0                       
00000194  TA1CCR1                       
00000196  TA1CCR2                       
00000182  TA1CCTL0                      
00000184  TA1CCTL1                      
00000186  TA1CCTL2                      
00000180  TA1CTL                        
0000011e  TA1IV                         
00000190  TA1R                          
000010db  TLV_ADC10_1_LEN               
000010da  TLV_ADC10_1_TAG               
000010c0  TLV_CHECKSUM                  
000010f7  TLV_DCO_30_LEN                
000010f6  TLV_DCO_30_TAG                
0000005d  UCA0ABCTL                     
00000062  UCA0BR0                       
00000063  UCA0BR1                       
00000060  UCA0CTL0                      
00000061  UCA0CTL1                      
0000005f  UCA0IRRCTL                    
0000005e  UCA0IRTCTL                    
00000064  UCA0MCTL                      
00000066  UCA0RXBUF                     
00000065  UCA0STAT                      
00000067  UCA0TXBUF                     
0000006a  UCB0BR0                       
0000006b  UCB0BR1                       
00000068  UCB0CTL0                      
00000069  UCB0CTL1                      
0000006c  UCB0I2CIE                     
00000118  UCB0I2COA                     
0000011a  UCB0I2CSA                     
0000006e  UCB0RXBUF                     
0000006d  UCB0STAT                      
0000006f  UCB0TXBUF                     
00000120  WDTCTL                        
00000400  __STACK_END                   
00000050  __STACK_SIZE                  
0000ccba  __TI_CINIT_Base               
0000ccc2  __TI_CINIT_Limit              
0000ccb0  __TI_Handler_Table_Base       
0000ccb6  __TI_Handler_Table_Limit      
0000ca68  __TI_ISR_TRAP                 
0000c5f4  __TI_auto_init_nobinit_nopinit
0000c332  __TI_decompress_lzss          
0000c9ca  __TI_decompress_none          
0000ffe0  __TI_int00                    
0000ffe4  __TI_int02                    
0000ffe6  __TI_int03                    
0000ffea  __TI_int05                    
0000ffec  __TI_int06                    
0000ffee  __TI_int07                    
0000fff0  __TI_int08                    
0000fff2  __TI_int09                    
0000fff4  __TI_int10                    
0000fff6  __TI_int11                    
0000fff8  __TI_int12                    
0000fffa  __TI_int13                    
0000fffc  __TI_int14                    
ffffffff  __TI_pprof_out_hndl           
ffffffff  __TI_prof_data_size           
ffffffff  __TI_prof_data_start          
0000c9b6  __TI_zero_init_nomemset       
ffffffff  __c_args__                    
0000c7be  __mspabi_divi                 
0000c98a  __mspabi_divu                 
0000ca1c  __mspabi_func_epilog_1        
0000ca1a  __mspabi_func_epilog_2        
0000ca18  __mspabi_func_epilog_3        
0000ca16  __mspabi_func_epilog_4        
0000ca14  __mspabi_func_epilog_5        
0000ca12  __mspabi_func_epilog_6        
0000ca10  __mspabi_func_epilog_7        
0000c7be  __mspabi_remi                 
0000c98a  __mspabi_remu                 
0000c7ea  __mspabi_slli                 
0000c812  __mspabi_slli_1               
0000c800  __mspabi_slli_10              
0000c7fe  __mspabi_slli_11              
0000c7fc  __mspabi_slli_12              
0000c7fa  __mspabi_slli_13              
0000c7f8  __mspabi_slli_14              
0000c7f6  __mspabi_slli_15              
0000c810  __mspabi_slli_2               
0000c80e  __mspabi_slli_3               
0000c80c  __mspabi_slli_4               
0000c80a  __mspabi_slli_5               
0000c808  __mspabi_slli_6               
0000c806  __mspabi_slli_7               
0000c804  __mspabi_slli_8               
0000c802  __mspabi_slli_9               
0000c4d2  __mspabi_srli                 
0000c518  __mspabi_srli_1               
0000c4f4  __mspabi_srli_10              
0000c4f0  __mspabi_srli_11              
0000c4ec  __mspabi_srli_12              
0000c4e8  __mspabi_srli_13              
0000c4e4  __mspabi_srli_14              
0000c4e0  __mspabi_srli_15              
0000c514  __mspabi_srli_2               
0000c510  __mspabi_srli_3               
0000c50c  __mspabi_srli_4               
0000c508  __mspabi_srli_5               
0000c504  __mspabi_srli_6               
0000c500  __mspabi_srli_7               
0000c4fc  __mspabi_srli_8               
0000c4f8  __mspabi_srli_9               
0000c93e  _c_int00_noargs               
0000fffe  _reset_vector                 
000003b0  _stack                        
0000ca86  _system_post_cinit            
0000ca82  _system_pre_init              
0000ca76  abort                         
0000c816  clearLCD                      
0000c51e  dibujar                       
0000c568  direccion                     
00000207  flag                          
0000ca7c  i2c_busy                      
0000c674  i2c_read                      
0000c8ba  i2c_write                     
0000c902  initADClux                    
0000c2b2  initLCD                       
0000c482  init_i2c                      
0000c0de  main                          
0000c9dc  memcpy                        
0000c418  mover                         
0000c974  movimiento                    
0000c9ee  normalizar                    
0000c840  paso                          
0000ca54  punto                         
0000c198  recuadro                      
0000c920  rx_interrupt                  
0000c95a  setAddr                       
0000c22e  tx_interrupt                  
0000c892  visible                       
0000c6b0  writeCharToLCD                
0000c9a0  writeStringToLCD              
0000c8e0  writeToLCD                    


GLOBAL SYMBOLS: SORTED BY Symbol Address 

address   name                          
-------   ----                          
00000000  IE1                           
00000001  IE2                           
00000002  IFG1                          
00000003  IFG2                          
00000010  P3REN                         
00000018  P3IN                          
00000019  P3OUT                         
0000001a  P3DIR                         
0000001b  P3SEL                         
00000020  P1IN                          
00000021  P1OUT                         
00000022  P1DIR                         
00000023  P1IFG                         
00000024  P1IES                         
00000025  P1IE                          
00000026  P1SEL                         
00000027  P1REN                         
00000028  P2IN                          
00000029  P2OUT                         
0000002a  P2DIR                         
0000002b  P2IFG                         
0000002c  P2IES                         
0000002d  P2IE                          
0000002e  P2SEL                         
0000002f  P2REN                         
00000041  P1SEL2                        
00000042  P2SEL2                        
00000043  P3SEL2                        
00000048  ADC10DTC0                     
00000049  ADC10DTC1                     
0000004a  ADC10AE0                      
00000050  __STACK_SIZE                  
00000053  BCSCTL3                       
00000056  DCOCTL                        
00000057  BCSCTL1                       
00000058  BCSCTL2                       
00000059  CACTL1                        
0000005a  CACTL2                        
0000005b  CAPD                          
0000005d  UCA0ABCTL                     
0000005e  UCA0IRTCTL                    
0000005f  UCA0IRRCTL                    
00000060  UCA0CTL0                      
00000061  UCA0CTL1                      
00000062  UCA0BR0                       
00000063  UCA0BR1                       
00000064  UCA0MCTL                      
00000065  UCA0STAT                      
00000066  UCA0RXBUF                     
00000067  UCA0TXBUF                     
00000068  UCB0CTL0                      
00000069  UCB0CTL1                      
0000006a  UCB0BR0                       
0000006b  UCB0BR1                       
0000006c  UCB0I2CIE                     
0000006d  UCB0STAT                      
0000006e  UCB0RXBUF                     
0000006f  UCB0TXBUF                     
00000118  UCB0I2COA                     
0000011a  UCB0I2CSA                     
0000011e  TA1IV                         
00000120  WDTCTL                        
00000128  FCTL1                         
0000012a  FCTL2                         
0000012c  FCTL3                         
0000012e  TA0IV                         
00000160  TA0CTL                        
00000162  TA0CCTL0                      
00000164  TA0CCTL1                      
00000166  TA0CCTL2                      
00000170  TA0R                          
00000172  TA0CCR0                       
00000174  TA0CCR1                       
00000176  TA0CCR2                       
00000180  TA1CTL                        
00000182  TA1CCTL0                      
00000184  TA1CCTL1                      
00000186  TA1CCTL2                      
00000190  TA1R                          
00000192  TA1CCR0                       
00000194  TA1CCR1                       
00000196  TA1CCR2                       
000001b0  ADC10CTL0                     
000001b2  ADC10CTL1                     
000001b4  ADC10MEM                      
000001bc  ADC10SA                       
00000207  flag                          
000003b0  _stack                        
00000400  __STACK_END                   
000010c0  TLV_CHECKSUM                  
000010da  TLV_ADC10_1_TAG               
000010db  TLV_ADC10_1_LEN               
000010f6  TLV_DCO_30_TAG                
000010f7  TLV_DCO_30_LEN                
000010f8  CALDCO_16MHZ                  
000010f9  CALBC1_16MHZ                  
000010fa  CALDCO_12MHZ                  
000010fb  CALBC1_12MHZ                  
000010fc  CALDCO_8MHZ                   
000010fd  CALBC1_8MHZ                   
000010fe  CALDCO_1MHZ                   
000010ff  CALBC1_1MHZ                   
0000c000  MMA8451OverSampling           
0000c0de  main                          
0000c198  recuadro                      
0000c22e  tx_interrupt                  
0000c2b2  initLCD                       
0000c332  __TI_decompress_lzss          
0000c3ae  MMA8451DataRate               
0000c418  mover                         
0000c482  init_i2c                      
0000c4d2  __mspabi_srli                 
0000c4e0  __mspabi_srli_15              
0000c4e4  __mspabi_srli_14              
0000c4e8  __mspabi_srli_13              
0000c4ec  __mspabi_srli_12              
0000c4f0  __mspabi_srli_11              
0000c4f4  __mspabi_srli_10              
0000c4f8  __mspabi_srli_9               
0000c4fc  __mspabi_srli_8               
0000c500  __mspabi_srli_7               
0000c504  __mspabi_srli_6               
0000c508  __mspabi_srli_5               
0000c50c  __mspabi_srli_4               
0000c510  __mspabi_srli_3               
0000c514  __mspabi_srli_2               
0000c518  __mspabi_srli_1               
0000c51e  dibujar                       
0000c568  direccion                     
0000c5b2  MMA8451Reset                  
0000c5f4  __TI_auto_init_nobinit_nopinit
0000c674  i2c_read                      
0000c6b0  writeCharToLCD                
0000c6ec  MMA8451_2g                    
0000c726  MMA8451Active                 
0000c75a  MMA8451StandBy                
0000c78e  MMA8451Init                   
0000c7be  __mspabi_divi                 
0000c7be  __mspabi_remi                 
0000c7ea  __mspabi_slli                 
0000c7f6  __mspabi_slli_15              
0000c7f8  __mspabi_slli_14              
0000c7fa  __mspabi_slli_13              
0000c7fc  __mspabi_slli_12              
0000c7fe  __mspabi_slli_11              
0000c800  __mspabi_slli_10              
0000c802  __mspabi_slli_9               
0000c804  __mspabi_slli_8               
0000c806  __mspabi_slli_7               
0000c808  __mspabi_slli_6               
0000c80a  __mspabi_slli_5               
0000c80c  __mspabi_slli_4               
0000c80e  __mspabi_slli_3               
0000c810  __mspabi_slli_2               
0000c812  __mspabi_slli_1               
0000c816  clearLCD                      
0000c840  paso                          
0000c86a  ADCluxLevel                   
0000c892  visible                       
0000c8ba  i2c_write                     
0000c8e0  writeToLCD                    
0000c902  initADClux                    
0000c920  rx_interrupt                  
0000c93e  _c_int00_noargs               
0000c95a  setAddr                       
0000c974  movimiento                    
0000c98a  __mspabi_divu                 
0000c98a  __mspabi_remu                 
0000c9a0  writeStringToLCD              
0000c9b6  __TI_zero_init_nomemset       
0000c9ca  __TI_decompress_none          
0000c9dc  memcpy                        
0000c9ee  normalizar                    
0000ca00  MMA8451OrientDetect           
0000ca10  __mspabi_func_epilog_7        
0000ca12  __mspabi_func_epilog_6        
0000ca14  __mspabi_func_epilog_5        
0000ca16  __mspabi_func_epilog_4        
0000ca18  __mspabi_func_epilog_3        
0000ca1a  __mspabi_func_epilog_2        
0000ca1c  __mspabi_func_epilog_1        
0000ca20  MMA8451GetYAxis               
0000ca2e  MMA8451GetZAxis               
0000ca3c  MMA8451GetXAxis               
0000ca48  RTI_T0_TACCR0                 
0000ca54  punto                         
0000ca60  ADC10_ISR                     
0000ca68  __TI_ISR_TRAP                 
0000ca70  MMA8451SetDeviceAddr          
0000ca76  C$$EXIT                       
0000ca76  abort                         
0000ca7c  i2c_busy                      
0000ca82  _system_pre_init              
0000ca86  _system_post_cinit            
0000ccb0  __TI_Handler_Table_Base       
0000ccb6  __TI_Handler_Table_Limit      
0000ccba  __TI_CINIT_Base               
0000ccc2  __TI_CINIT_Limit              
0000ffe0  __TI_int00                    
0000ffe4  __TI_int02                    
0000ffe6  __TI_int03                    
0000ffea  __TI_int05                    
0000ffec  __TI_int06                    
0000ffee  __TI_int07                    
0000fff0  __TI_int08                    
0000fff2  __TI_int09                    
0000fff4  __TI_int10                    
0000fff6  __TI_int11                    
0000fff8  __TI_int12                    
0000fffa  __TI_int13                    
0000fffc  __TI_int14                    
0000fffe  _reset_vector                 
ffffffff  __TI_pprof_out_hndl           
ffffffff  __TI_prof_data_size           
ffffffff  __TI_prof_data_start          
ffffffff  __c_args__                    

[216 symbols]
