******************************************************************************
                  MSP430 Linker PC v18.1.3                     
******************************************************************************
>> Linked Tue Nov 20 21:05:30 2018

OUTPUT FILE NAME:   <StepTrackerV2.out>
ENTRY POINT SYMBOL: "_c_int00_noargs"  address: 0000c7ee


MEMORY CONFIGURATION

         name            origin    length      used     unused   attr    fill
----------------------  --------  ---------  --------  --------  ----  --------
  SFR                   00000000   00000010  00000000  00000010  RWIX
  PERIPHERALS_8BIT      00000010   000000f0  00000000  000000f0  RWIX
  PERIPHERALS_16BIT     00000100   00000100  00000000  00000100  RWIX
  RAM                   00000200   00000200  0000006b  00000195  RWIX
  INFOD                 00001000   00000040  00000000  00000040  RWIX
  INFOC                 00001040   00000040  00000000  00000040  RWIX
  INFOB                 00001080   00000040  00000000  00000040  RWIX
  INFOA                 000010c0   00000040  00000000  00000040  RWIX
  FLASH                 0000c000   00003fde  0000092d  000036b1  RWIX
  BSLSIGNATURE          0000ffde   00000002  00000002  00000000  RWIX  ffff 
  INT00                 0000ffe0   00000002  00000002  00000000  RWIX
  INT01                 0000ffe2   00000002  00000000  00000002  RWIX
  INT02                 0000ffe4   00000002  00000002  00000000  RWIX
  INT03                 0000ffe6   00000002  00000002  00000000  RWIX
  INT04                 0000ffe8   00000002  00000000  00000002  RWIX
  INT05                 0000ffea   00000002  00000002  00000000  RWIX
  INT06                 0000ffec   00000002  00000002  00000000  RWIX
  INT07                 0000ffee   00000002  00000002  00000000  RWIX
  INT08                 0000fff0   00000002  00000002  00000000  RWIX
  INT09                 0000fff2   00000002  00000002  00000000  RWIX
  INT10                 0000fff4   00000002  00000002  00000000  RWIX
  INT11                 0000fff6   00000002  00000002  00000000  RWIX
  INT12                 0000fff8   00000002  00000002  00000000  RWIX
  INT13                 0000fffa   00000002  00000002  00000000  RWIX
  INT14                 0000fffc   00000002  00000002  00000000  RWIX
  RESET                 0000fffe   00000002  00000002  00000000  RWIX


SECTION ALLOCATION MAP

 output                                  attributes/
section   page    origin      length       input sections
--------  ----  ----------  ----------   ----------------
.bss       0    00000200    00000012     UNINITIALIZED
                  00000200    0000000e     i2c.obj (.bss)
                  0000020e    00000004     PCD8544.obj (.bss)

.data      0    00000212    00000009     UNINITIALIZED
                  00000212    00000005     PCD8544.obj (.data)
                  00000217    00000002     main.obj (.data)
                  00000219    00000002     mma8451.obj (.data)

.stack     0    000003b0    00000050     UNINITIALIZED
                  000003b0    00000002     rts430_eabi.lib : boot.c.obj (.stack)
                  000003b2    0000004e     --HOLE--

.text      0    0000c000    000008fe     
                  0000c000    000000d4     PCD8544.obj (.text:direccion)
                  0000c0d4    00000092     PCD8544.obj (.text:dibujar)
                  0000c166    00000084     mma8451.obj (.text:MMA8451OverSampling)
                  0000c1ea    00000084     i2c.obj (.text:tx_interrupt)
                  0000c26e    00000080     PCD8544.obj (.text:initLCD)
                  0000c2ee    0000007c     rts430_eabi.lib : copy_decompress_lzss.c.obj (.text:decompress:lzss:__TI_decompress_lzss)
                  0000c36a    0000005e     main.obj (.text:main)
                  0000c3c8    00000050     i2c.obj (.text:init_i2c)
                  0000c418    0000004e     mma8451.obj (.text:MMA8451InterruptConfiguration)
                  0000c466    0000004c     rts430_eabi.lib : lsr16.asm.obj (.text)
                  0000c4b2    00000042                     : autoinit.c.obj (.text:__TI_auto_init_nobinit_nopinit:__TI_auto_init_nobinit_nopinit)
                  0000c4f4    0000003e     mma8451.obj (.text:read_byte)
                  0000c532    0000003c     mma8451.obj (.text:MMA8451DataRate)
                  0000c56e    0000003c     main.obj (.text:TimerConfiguration)
                  0000c5aa    0000003c     i2c.obj (.text:i2c_read)
                  0000c5e6    00000034     mma8451.obj (.text:MMA8451Init)
                  0000c61a    0000002c     mma8451.obj (.text:MMA8451Reset)
                  0000c646    0000002c     rts430_eabi.lib : lsl16.asm.obj (.text)
                  0000c672    0000002a     PCD8544.obj (.text:clearLCD)
                  0000c69c    0000002a     PCD8544.obj (.text:paso)
                  0000c6c6    00000026     i2c.obj (.text:i2c_write)
                  0000c6ec    00000024     adc.obj (.text:ADCluxLevel)
                  0000c710    00000024     mma8451.obj (.text:MMA8451_2g)
                  0000c734    00000022     PCD8544.obj (.text:writeToLCD)
                  0000c756    00000020     mma8451.obj (.text:write_byte)
                  0000c776    0000001e     mma8451.obj (.text:MMA8451Active)
                  0000c794    0000001e     mma8451.obj (.text:MMA8451StandBy)
                  0000c7b2    0000001e     adc.obj (.text:initADClux)
                  0000c7d0    0000001e     i2c.obj (.text:rx_interrupt)
                  0000c7ee    0000001c     rts430_eabi.lib : boot.c.obj (.text:_c_int00_noargs)
                  0000c80a    0000001a     PCD8544.obj (.text:setAddr)
                  0000c824    00000014     rts430_eabi.lib : copy_zero_init.c.obj (.text:decompress:ZI:__TI_zero_init_nomemset:__TI_zero_init_nomemset)
                  0000c838    00000012     mma8451.obj (.text:MMA8451OrientDetect)
                  0000c84a    00000012     main.obj (.text:RTI_T0_TACCR0)
                  0000c85c    00000012     rts430_eabi.lib : copy_decompress_none.c.obj (.text:decompress:none:__TI_decompress_none)
                  0000c86e    00000012                     : memcpy.c.obj (.text:memcpy)
                  0000c880    00000012     main.obj (.text:normalizar)
                  0000c892    00000010     rts430_eabi.lib : epilog.asm.obj (.text)
                  0000c8a2    0000000e     mma8451.obj (.text:MMA8451GetYAxis)
                  0000c8b0    0000000e     mma8451.obj (.text:MMA8451GetZAxis)
                  0000c8be    0000000e     PCD8544.obj (.text:cola)
                  0000c8cc    0000000c     mma8451.obj (.text:MMA8451GetXAxis)
                  0000c8d8    00000008     rts430_eabi.lib : isr_trap.asm.obj (.text:_isr:__TI_ISR_TRAP)
                  0000c8e0    00000006     main.obj (.text:ADC10_ISR)
                  0000c8e6    00000006     mma8451.obj (.text:MMA8451SetDeviceAddr)
                  0000c8ec    00000006     rts430_eabi.lib : exit.c.obj (.text:abort)
                  0000c8f2    00000006     i2c.obj (.text:i2c_busy)
                  0000c8f8    00000004     rts430_eabi.lib : pre_init.c.obj (.text:_system_pre_init)
                  0000c8fc    00000002                     : startup.c.obj (.text:_system_post_cinit)

.const     0    0000c8fe    0000000f     
                  0000c8fe    00000007     PCD8544.obj (.const:.string:MOVE_LEFT)
                  0000c905    00000001     --HOLE-- [fill = 0]
                  0000c906    00000007     PCD8544.obj (.const:.string:MOVE_RIGHT)

.cinit     0    0000c90e    00000020     
                  0000c90e    0000000d     (.cinit..data.load) [load image]
                  0000c91b    00000001     --HOLE-- [fill = 0]
                  0000c91c    00000006     (__TI_handler_table)
                  0000c922    00000004     (.cinit..bss.load) [load image, compression = zero_init]
                  0000c926    00000008     (__TI_cinit_table)

.binit     0    0000c000    00000000     

.init_array 
*          0    0000c000    00000000     UNINITIALIZED

TRAPINT    0    0000ffe0    00000002     
                  0000ffe0    00000002     rts430_eabi.lib : int00.asm.obj (.int00)

PORT1      0    0000ffe4    00000002     
                  0000ffe4    00000002     rts430_eabi.lib : int02.asm.obj (.int02)

PORT2      0    0000ffe6    00000002     
                  0000ffe6    00000002     rts430_eabi.lib : int03.asm.obj (.int03)

ADC10      0    0000ffea    00000002     
                  0000ffea    00000002     main.obj (.int05)

USCIAB0TX 
*          0    0000ffec    00000002     
                  0000ffec    00000002     i2c.obj (.int06)

USCIAB0RX 
*          0    0000ffee    00000002     
                  0000ffee    00000002     i2c.obj (.int07)

TIMER0_A1 
*          0    0000fff0    00000002     
                  0000fff0    00000002     rts430_eabi.lib : int08.asm.obj (.int08)

TIMER0_A0 
*          0    0000fff2    00000002     
                  0000fff2    00000002     main.obj (.int09)

WDT        0    0000fff4    00000002     
                  0000fff4    00000002     rts430_eabi.lib : int10.asm.obj (.int10)

COMPARATORA 
*          0    0000fff6    00000002     
                  0000fff6    00000002     rts430_eabi.lib : int11.asm.obj (.int11)

TIMER1_A1 
*          0    0000fff8    00000002     
                  0000fff8    00000002     rts430_eabi.lib : int12.asm.obj (.int12)

TIMER1_A0 
*          0    0000fffa    00000002     
                  0000fffa    00000002     rts430_eabi.lib : int13.asm.obj (.int13)

NMI        0    0000fffc    00000002     
                  0000fffc    00000002     rts430_eabi.lib : int14.asm.obj (.int14)

.reset     0    0000fffe    00000002     
                  0000fffe    00000002     rts430_eabi.lib : boot.c.obj (.reset)

$fill000   0    0000ffde    00000002     
                  0000ffde    00000002     --HOLE-- [fill = ffff]

MODULE SUMMARY

       Module                       code   ro data   rw data
       ------                       ----   -------   -------
    .\
       PCD8544.obj                  644    14        9      
       mma8451.obj                  620    0         2      
       i2c.obj                      346    4         14     
       main.obj                     196    4         2      
       adc.obj                      66     0         0      
    +--+----------------------------+------+---------+---------+
       Total:                       1872   22        27     
                                                            
    C:\ti\ccsv8\tools\compiler\ti-cgt-msp430_18.1.3.LTS\lib\rts430_eabi.lib
       copy_decompress_lzss.c.obj   124    0         0      
       lsr16.asm.obj                76     0         0      
       autoinit.c.obj               66     0         0      
       lsl16.asm.obj                44     0         0      
       boot.c.obj                   28     2         0      
       copy_zero_init.c.obj         20     0         0      
       copy_decompress_none.c.obj   18     0         0      
       memcpy.c.obj                 18     0         0      
       epilog.asm.obj               16     0         0      
       isr_trap.asm.obj             8      0         0      
       exit.c.obj                   6      0         0      
       pre_init.c.obj               4      0         0      
       int00.asm.obj                0      2         0      
       int02.asm.obj                0      2         0      
       int03.asm.obj                0      2         0      
       int08.asm.obj                0      2         0      
       int10.asm.obj                0      2         0      
       int11.asm.obj                0      2         0      
       int12.asm.obj                0      2         0      
       int13.asm.obj                0      2         0      
       int14.asm.obj                0      2         0      
       startup.c.obj                2      0         0      
    +--+----------------------------+------+---------+---------+
       Total:                       430    20        0      
                                                            
       Stack:                       0      0         80     
       Linker Generated:            0      31        0      
    +--+----------------------------+------+---------+---------+
       Grand Total:                 2302   73        107    


LINKER GENERATED COPY TABLES

__TI_cinit_table @ 0000c926 records: 2, size/record: 4, table size: 8
	.data: load addr=0000c90e, load size=0000000d bytes, run addr=00000212, run size=00000009 bytes, compression=copy
	.bss: load addr=0000c922, load size=00000004 bytes, run addr=00000200, run size=00000012 bytes, compression=zero_init


LINKER GENERATED HANDLER TABLE

__TI_handler_table @ 0000c91c records: 3, size/record: 2, table size: 6
	index: 0, handler: __TI_zero_init
	index: 1, handler: __TI_decompress_lzss
	index: 2, handler: __TI_decompress_none


GLOBAL SYMBOLS: SORTED ALPHABETICALLY BY Name 

address   name                          
-------   ----                          
0000004a  ADC10AE0                      
000001b0  ADC10CTL0                     
000001b2  ADC10CTL1                     
00000048  ADC10DTC0                     
00000049  ADC10DTC1                     
000001b4  ADC10MEM                      
000001bc  ADC10SA                       
0000c8e0  ADC10_ISR                     
0000c6ec  ADCluxLevel                   
00000057  BCSCTL1                       
00000058  BCSCTL2                       
00000053  BCSCTL3                       
0000c8ec  C$$EXIT                       
00000059  CACTL1                        
0000005a  CACTL2                        
000010fb  CALBC1_12MHZ                  
000010f9  CALBC1_16MHZ                  
000010ff  CALBC1_1MHZ                   
000010fd  CALBC1_8MHZ                   
000010fa  CALDCO_12MHZ                  
000010f8  CALDCO_16MHZ                  
000010fe  CALDCO_1MHZ                   
000010fc  CALDCO_8MHZ                   
0000005b  CAPD                          
00000056  DCOCTL                        
00000128  FCTL1                         
0000012a  FCTL2                         
0000012c  FCTL3                         
00000000  IE1                           
00000001  IE2                           
00000002  IFG1                          
00000003  IFG2                          
0000c776  MMA8451Active                 
0000c532  MMA8451DataRate               
0000c8cc  MMA8451GetXAxis               
0000c8a2  MMA8451GetYAxis               
0000c8b0  MMA8451GetZAxis               
0000c5e6  MMA8451Init                   
0000c418  MMA8451InterruptConfiguration 
0000c838  MMA8451OrientDetect           
0000c166  MMA8451OverSampling           
0000c61a  MMA8451Reset                  
0000c8e6  MMA8451SetDeviceAddr          
0000c794  MMA8451StandBy                
0000c710  MMA8451_2g                    
00000022  P1DIR                         
00000025  P1IE                          
00000024  P1IES                         
00000023  P1IFG                         
00000020  P1IN                          
00000021  P1OUT                         
00000027  P1REN                         
00000026  P1SEL                         
00000041  P1SEL2                        
0000002a  P2DIR                         
0000002d  P2IE                          
0000002c  P2IES                         
0000002b  P2IFG                         
00000028  P2IN                          
00000029  P2OUT                         
0000002f  P2REN                         
0000002e  P2SEL                         
00000042  P2SEL2                        
0000001a  P3DIR                         
00000018  P3IN                          
00000019  P3OUT                         
00000010  P3REN                         
0000001b  P3SEL                         
00000043  P3SEL2                        
0000c84a  RTI_T0_TACCR0                 
00000172  TA0CCR0                       
00000174  TA0CCR1                       
00000176  TA0CCR2                       
00000162  TA0CCTL0                      
00000164  TA0CCTL1                      
00000166  TA0CCTL2                      
00000160  TA0CTL                        
0000012e  TA0IV                         
00000170  TA0R                          
00000192  TA1CCR0                       
00000194  TA1CCR1                       
00000196  TA1CCR2                       
00000182  TA1CCTL0                      
00000184  TA1CCTL1                      
00000186  TA1CCTL2                      
00000180  TA1CTL                        
0000011e  TA1IV                         
00000190  TA1R                          
000010db  TLV_ADC10_1_LEN               
000010da  TLV_ADC10_1_TAG               
000010c0  TLV_CHECKSUM                  
000010f7  TLV_DCO_30_LEN                
000010f6  TLV_DCO_30_TAG                
0000c56e  TimerConfiguration            
0000005d  UCA0ABCTL                     
00000062  UCA0BR0                       
00000063  UCA0BR1                       
00000060  UCA0CTL0                      
00000061  UCA0CTL1                      
0000005f  UCA0IRRCTL                    
0000005e  UCA0IRTCTL                    
00000064  UCA0MCTL                      
00000066  UCA0RXBUF                     
00000065  UCA0STAT                      
00000067  UCA0TXBUF                     
0000006a  UCB0BR0                       
0000006b  UCB0BR1                       
00000068  UCB0CTL0                      
00000069  UCB0CTL1                      
0000006c  UCB0I2CIE                     
00000118  UCB0I2COA                     
0000011a  UCB0I2CSA                     
0000006e  UCB0RXBUF                     
0000006d  UCB0STAT                      
0000006f  UCB0TXBUF                     
00000120  WDTCTL                        
00000400  __STACK_END                   
00000050  __STACK_SIZE                  
0000c926  __TI_CINIT_Base               
0000c92e  __TI_CINIT_Limit              
0000c91c  __TI_Handler_Table_Base       
0000c922  __TI_Handler_Table_Limit      
0000c8d8  __TI_ISR_TRAP                 
0000c4b2  __TI_auto_init_nobinit_nopinit
0000c2ee  __TI_decompress_lzss          
0000c85c  __TI_decompress_none          
0000ffe0  __TI_int00                    
0000ffe4  __TI_int02                    
0000ffe6  __TI_int03                    
0000ffea  __TI_int05                    
0000ffec  __TI_int06                    
0000ffee  __TI_int07                    
0000fff0  __TI_int08                    
0000fff2  __TI_int09                    
0000fff4  __TI_int10                    
0000fff6  __TI_int11                    
0000fff8  __TI_int12                    
0000fffa  __TI_int13                    
0000fffc  __TI_int14                    
ffffffff  __TI_pprof_out_hndl           
ffffffff  __TI_prof_data_size           
ffffffff  __TI_prof_data_start          
0000c824  __TI_zero_init_nomemset       
ffffffff  __c_args__                    
0000c89e  __mspabi_func_epilog_1        
0000c89c  __mspabi_func_epilog_2        
0000c89a  __mspabi_func_epilog_3        
0000c898  __mspabi_func_epilog_4        
0000c896  __mspabi_func_epilog_5        
0000c894  __mspabi_func_epilog_6        
0000c892  __mspabi_func_epilog_7        
0000c646  __mspabi_slli                 
0000c66e  __mspabi_slli_1               
0000c65c  __mspabi_slli_10              
0000c65a  __mspabi_slli_11              
0000c658  __mspabi_slli_12              
0000c656  __mspabi_slli_13              
0000c654  __mspabi_slli_14              
0000c652  __mspabi_slli_15              
0000c66c  __mspabi_slli_2               
0000c66a  __mspabi_slli_3               
0000c668  __mspabi_slli_4               
0000c666  __mspabi_slli_5               
0000c664  __mspabi_slli_6               
0000c662  __mspabi_slli_7               
0000c660  __mspabi_slli_8               
0000c65e  __mspabi_slli_9               
0000c466  __mspabi_srli                 
0000c4ac  __mspabi_srli_1               
0000c488  __mspabi_srli_10              
0000c484  __mspabi_srli_11              
0000c480  __mspabi_srli_12              
0000c47c  __mspabi_srli_13              
0000c478  __mspabi_srli_14              
0000c474  __mspabi_srli_15              
0000c4a8  __mspabi_srli_2               
0000c4a4  __mspabi_srli_3               
0000c4a0  __mspabi_srli_4               
0000c49c  __mspabi_srli_5               
0000c498  __mspabi_srli_6               
0000c494  __mspabi_srli_7               
0000c490  __mspabi_srli_8               
0000c48c  __mspabi_srli_9               
0000c7ee  _c_int00_noargs               
0000fffe  _reset_vector                 
000003b0  _stack                        
0000c8fc  _system_post_cinit            
0000c8f8  _system_pre_init              
0000c8ec  abort                         
00000218  adc                           
0000c672  clearLCD                      
0000c8be  cola                          
0000c0d4  dibujar                       
0000c000  direccion                     
00000217  flag                          
0000c8f2  i2c_busy                      
0000c5aa  i2c_read                      
0000c6c6  i2c_write                     
0000c7b2  initADClux                    
0000c26e  initLCD                       
0000c3c8  init_i2c                      
0000c36a  main                          
0000c86e  memcpy                        
0000c880  normalizar                    
0000c69c  paso                          
0000c7d0  rx_interrupt                  
0000c80a  setAddr                       
0000c1ea  tx_interrupt                  
0000c734  writeToLCD                    


GLOBAL SYMBOLS: SORTED BY Symbol Address 

address   name                          
-------   ----                          
00000000  IE1                           
00000001  IE2                           
00000002  IFG1                          
00000003  IFG2                          
00000010  P3REN                         
00000018  P3IN                          
00000019  P3OUT                         
0000001a  P3DIR                         
0000001b  P3SEL                         
00000020  P1IN                          
00000021  P1OUT                         
00000022  P1DIR                         
00000023  P1IFG                         
00000024  P1IES                         
00000025  P1IE                          
00000026  P1SEL                         
00000027  P1REN                         
00000028  P2IN                          
00000029  P2OUT                         
0000002a  P2DIR                         
0000002b  P2IFG                         
0000002c  P2IES                         
0000002d  P2IE                          
0000002e  P2SEL                         
0000002f  P2REN                         
00000041  P1SEL2                        
00000042  P2SEL2                        
00000043  P3SEL2                        
00000048  ADC10DTC0                     
00000049  ADC10DTC1                     
0000004a  ADC10AE0                      
00000050  __STACK_SIZE                  
00000053  BCSCTL3                       
00000056  DCOCTL                        
00000057  BCSCTL1                       
00000058  BCSCTL2                       
00000059  CACTL1                        
0000005a  CACTL2                        
0000005b  CAPD                          
0000005d  UCA0ABCTL                     
0000005e  UCA0IRTCTL                    
0000005f  UCA0IRRCTL                    
00000060  UCA0CTL0                      
00000061  UCA0CTL1                      
00000062  UCA0BR0                       
00000063  UCA0BR1                       
00000064  UCA0MCTL                      
00000065  UCA0STAT                      
00000066  UCA0RXBUF                     
00000067  UCA0TXBUF                     
00000068  UCB0CTL0                      
00000069  UCB0CTL1                      
0000006a  UCB0BR0                       
0000006b  UCB0BR1                       
0000006c  UCB0I2CIE                     
0000006d  UCB0STAT                      
0000006e  UCB0RXBUF                     
0000006f  UCB0TXBUF                     
00000118  UCB0I2COA                     
0000011a  UCB0I2CSA                     
0000011e  TA1IV                         
00000120  WDTCTL                        
00000128  FCTL1                         
0000012a  FCTL2                         
0000012c  FCTL3                         
0000012e  TA0IV                         
00000160  TA0CTL                        
00000162  TA0CCTL0                      
00000164  TA0CCTL1                      
00000166  TA0CCTL2                      
00000170  TA0R                          
00000172  TA0CCR0                       
00000174  TA0CCR1                       
00000176  TA0CCR2                       
00000180  TA1CTL                        
00000182  TA1CCTL0                      
00000184  TA1CCTL1                      
00000186  TA1CCTL2                      
00000190  TA1R                          
00000192  TA1CCR0                       
00000194  TA1CCR1                       
00000196  TA1CCR2                       
000001b0  ADC10CTL0                     
000001b2  ADC10CTL1                     
000001b4  ADC10MEM                      
000001bc  ADC10SA                       
00000217  flag                          
00000218  adc                           
000003b0  _stack                        
00000400  __STACK_END                   
000010c0  TLV_CHECKSUM                  
000010da  TLV_ADC10_1_TAG               
000010db  TLV_ADC10_1_LEN               
000010f6  TLV_DCO_30_TAG                
000010f7  TLV_DCO_30_LEN                
000010f8  CALDCO_16MHZ                  
000010f9  CALBC1_16MHZ                  
000010fa  CALDCO_12MHZ                  
000010fb  CALBC1_12MHZ                  
000010fc  CALDCO_8MHZ                   
000010fd  CALBC1_8MHZ                   
000010fe  CALDCO_1MHZ                   
000010ff  CALBC1_1MHZ                   
0000c000  direccion                     
0000c0d4  dibujar                       
0000c166  MMA8451OverSampling           
0000c1ea  tx_interrupt                  
0000c26e  initLCD                       
0000c2ee  __TI_decompress_lzss          
0000c36a  main                          
0000c3c8  init_i2c                      
0000c418  MMA8451InterruptConfiguration 
0000c466  __mspabi_srli                 
0000c474  __mspabi_srli_15              
0000c478  __mspabi_srli_14              
0000c47c  __mspabi_srli_13              
0000c480  __mspabi_srli_12              
0000c484  __mspabi_srli_11              
0000c488  __mspabi_srli_10              
0000c48c  __mspabi_srli_9               
0000c490  __mspabi_srli_8               
0000c494  __mspabi_srli_7               
0000c498  __mspabi_srli_6               
0000c49c  __mspabi_srli_5               
0000c4a0  __mspabi_srli_4               
0000c4a4  __mspabi_srli_3               
0000c4a8  __mspabi_srli_2               
0000c4ac  __mspabi_srli_1               
0000c4b2  __TI_auto_init_nobinit_nopinit
0000c532  MMA8451DataRate               
0000c56e  TimerConfiguration            
0000c5aa  i2c_read                      
0000c5e6  MMA8451Init                   
0000c61a  MMA8451Reset                  
0000c646  __mspabi_slli                 
0000c652  __mspabi_slli_15              
0000c654  __mspabi_slli_14              
0000c656  __mspabi_slli_13              
0000c658  __mspabi_slli_12              
0000c65a  __mspabi_slli_11              
0000c65c  __mspabi_slli_10              
0000c65e  __mspabi_slli_9               
0000c660  __mspabi_slli_8               
0000c662  __mspabi_slli_7               
0000c664  __mspabi_slli_6               
0000c666  __mspabi_slli_5               
0000c668  __mspabi_slli_4               
0000c66a  __mspabi_slli_3               
0000c66c  __mspabi_slli_2               
0000c66e  __mspabi_slli_1               
0000c672  clearLCD                      
0000c69c  paso                          
0000c6c6  i2c_write                     
0000c6ec  ADCluxLevel                   
0000c710  MMA8451_2g                    
0000c734  writeToLCD                    
0000c776  MMA8451Active                 
0000c794  MMA8451StandBy                
0000c7b2  initADClux                    
0000c7d0  rx_interrupt                  
0000c7ee  _c_int00_noargs               
0000c80a  setAddr                       
0000c824  __TI_zero_init_nomemset       
0000c838  MMA8451OrientDetect           
0000c84a  RTI_T0_TACCR0                 
0000c85c  __TI_decompress_none          
0000c86e  memcpy                        
0000c880  normalizar                    
0000c892  __mspabi_func_epilog_7        
0000c894  __mspabi_func_epilog_6        
0000c896  __mspabi_func_epilog_5        
0000c898  __mspabi_func_epilog_4        
0000c89a  __mspabi_func_epilog_3        
0000c89c  __mspabi_func_epilog_2        
0000c89e  __mspabi_func_epilog_1        
0000c8a2  MMA8451GetYAxis               
0000c8b0  MMA8451GetZAxis               
0000c8be  cola                          
0000c8cc  MMA8451GetXAxis               
0000c8d8  __TI_ISR_TRAP                 
0000c8e0  ADC10_ISR                     
0000c8e6  MMA8451SetDeviceAddr          
0000c8ec  C$$EXIT                       
0000c8ec  abort                         
0000c8f2  i2c_busy                      
0000c8f8  _system_pre_init              
0000c8fc  _system_post_cinit            
0000c91c  __TI_Handler_Table_Base       
0000c922  __TI_Handler_Table_Limit      
0000c926  __TI_CINIT_Base               
0000c92e  __TI_CINIT_Limit              
0000ffe0  __TI_int00                    
0000ffe4  __TI_int02                    
0000ffe6  __TI_int03                    
0000ffea  __TI_int05                    
0000ffec  __TI_int06                    
0000ffee  __TI_int07                    
0000fff0  __TI_int08                    
0000fff2  __TI_int09                    
0000fff4  __TI_int10                    
0000fff6  __TI_int11                    
0000fff8  __TI_int12                    
0000fffa  __TI_int13                    
0000fffc  __TI_int14                    
0000fffe  _reset_vector                 
ffffffff  __TI_pprof_out_hndl           
ffffffff  __TI_prof_data_size           
ffffffff  __TI_prof_data_start          
ffffffff  __c_args__                    

[209 symbols]
