<?xml version="1.0"?>
<link_info>
   <banner>MSP430 Linker PC v16.9.7.LTS</banner>
   <copyright>Copyright (c) 2003-2017 Texas Instruments Incorporated</copyright>
   <link_time>0x5b86b97c</link_time>
   <link_errors>0x0</link_errors>
   <output_file>StepTracker.out</output_file>
   <entry_point>
      <name>_c_int00_noargs_noexit</name>
      <address>0xcc12</address>
   </entry_point>
   <input_file_list>
      <input_file id="fl-2">
         <path>.\</path>
         <kind>object</kind>
         <file>PCD8544.obj</file>
         <name>PCD8544.obj</name>
      </input_file>
      <input_file id="fl-3">
         <path>.\</path>
         <kind>object</kind>
         <file>adc.obj</file>
         <name>adc.obj</name>
      </input_file>
      <input_file id="fl-4">
         <path>.\</path>
         <kind>object</kind>
         <file>i2c.obj</file>
         <name>i2c.obj</name>
      </input_file>
      <input_file id="fl-5">
         <path>.\</path>
         <kind>object</kind>
         <file>main.obj</file>
         <name>main.obj</name>
      </input_file>
      <input_file id="fl-6">
         <path>.\</path>
         <kind>object</kind>
         <file>mma8451.obj</file>
         <name>mma8451.obj</name>
      </input_file>
      <input_file id="fl-b">
         <kind>object</kind>
         <file>&lt;internal&gt;</file>
         <name>&lt;internal&gt;</name>
      </input_file>
      <input_file id="fl-21">
         <path>C:\ti\ccsv7\tools\compiler\ti-cgt-msp430_16.9.7.LTS\lib\</path>
         <kind>archive</kind>
         <file>rts430_eabi.lib</file>
         <name>boot.obj</name>
      </input_file>
      <input_file id="fl-22">
         <path>C:\ti\ccsv7\tools\compiler\ti-cgt-msp430_16.9.7.LTS\lib\</path>
         <kind>archive</kind>
         <file>rts430_eabi.lib</file>
         <name>boot_special.obj</name>
      </input_file>
      <input_file id="fl-23">
         <path>C:\ti\ccsv7\tools\compiler\ti-cgt-msp430_16.9.7.LTS\lib\</path>
         <kind>archive</kind>
         <file>rts430_eabi.lib</file>
         <name>cmpd.obj</name>
      </input_file>
      <input_file id="fl-24">
         <path>C:\ti\ccsv7\tools\compiler\ti-cgt-msp430_16.9.7.LTS\lib\</path>
         <kind>archive</kind>
         <file>rts430_eabi.lib</file>
         <name>copy_decompress_lzss.obj</name>
      </input_file>
      <input_file id="fl-25">
         <path>C:\ti\ccsv7\tools\compiler\ti-cgt-msp430_16.9.7.LTS\lib\</path>
         <kind>archive</kind>
         <file>rts430_eabi.lib</file>
         <name>copy_decompress_none.obj</name>
      </input_file>
      <input_file id="fl-26">
         <path>C:\ti\ccsv7\tools\compiler\ti-cgt-msp430_16.9.7.LTS\lib\</path>
         <kind>archive</kind>
         <file>rts430_eabi.lib</file>
         <name>copy_zero_init.obj</name>
      </input_file>
      <input_file id="fl-27">
         <path>C:\ti\ccsv7\tools\compiler\ti-cgt-msp430_16.9.7.LTS\lib\</path>
         <kind>archive</kind>
         <file>rts430_eabi.lib</file>
         <name>div16s.obj</name>
      </input_file>
      <input_file id="fl-28">
         <path>C:\ti\ccsv7\tools\compiler\ti-cgt-msp430_16.9.7.LTS\lib\</path>
         <kind>archive</kind>
         <file>rts430_eabi.lib</file>
         <name>div16u.obj</name>
      </input_file>
      <input_file id="fl-29">
         <path>C:\ti\ccsv7\tools\compiler\ti-cgt-msp430_16.9.7.LTS\lib\</path>
         <kind>archive</kind>
         <file>rts430_eabi.lib</file>
         <name>epilog.obj</name>
      </input_file>
      <input_file id="fl-2a">
         <path>C:\ti\ccsv7\tools\compiler\ti-cgt-msp430_16.9.7.LTS\lib\</path>
         <kind>archive</kind>
         <file>rts430_eabi.lib</file>
         <name>exit.obj</name>
      </input_file>
      <input_file id="fl-2b">
         <path>C:\ti\ccsv7\tools\compiler\ti-cgt-msp430_16.9.7.LTS\lib\</path>
         <kind>archive</kind>
         <file>rts430_eabi.lib</file>
         <name>exit_gvars.obj</name>
      </input_file>
      <input_file id="fl-2c">
         <path>C:\ti\ccsv7\tools\compiler\ti-cgt-msp430_16.9.7.LTS\lib\</path>
         <kind>archive</kind>
         <file>rts430_eabi.lib</file>
         <name>fltuld.obj</name>
      </input_file>
      <input_file id="fl-2d">
         <path>C:\ti\ccsv7\tools\compiler\ti-cgt-msp430_16.9.7.LTS\lib\</path>
         <kind>archive</kind>
         <file>rts430_eabi.lib</file>
         <name>int00.obj</name>
      </input_file>
      <input_file id="fl-2e">
         <path>C:\ti\ccsv7\tools\compiler\ti-cgt-msp430_16.9.7.LTS\lib\</path>
         <kind>archive</kind>
         <file>rts430_eabi.lib</file>
         <name>int02.obj</name>
      </input_file>
      <input_file id="fl-2f">
         <path>C:\ti\ccsv7\tools\compiler\ti-cgt-msp430_16.9.7.LTS\lib\</path>
         <kind>archive</kind>
         <file>rts430_eabi.lib</file>
         <name>int03.obj</name>
      </input_file>
      <input_file id="fl-30">
         <path>C:\ti\ccsv7\tools\compiler\ti-cgt-msp430_16.9.7.LTS\lib\</path>
         <kind>archive</kind>
         <file>rts430_eabi.lib</file>
         <name>int08.obj</name>
      </input_file>
      <input_file id="fl-31">
         <path>C:\ti\ccsv7\tools\compiler\ti-cgt-msp430_16.9.7.LTS\lib\</path>
         <kind>archive</kind>
         <file>rts430_eabi.lib</file>
         <name>int10.obj</name>
      </input_file>
      <input_file id="fl-32">
         <path>C:\ti\ccsv7\tools\compiler\ti-cgt-msp430_16.9.7.LTS\lib\</path>
         <kind>archive</kind>
         <file>rts430_eabi.lib</file>
         <name>int11.obj</name>
      </input_file>
      <input_file id="fl-33">
         <path>C:\ti\ccsv7\tools\compiler\ti-cgt-msp430_16.9.7.LTS\lib\</path>
         <kind>archive</kind>
         <file>rts430_eabi.lib</file>
         <name>int12.obj</name>
      </input_file>
      <input_file id="fl-34">
         <path>C:\ti\ccsv7\tools\compiler\ti-cgt-msp430_16.9.7.LTS\lib\</path>
         <kind>archive</kind>
         <file>rts430_eabi.lib</file>
         <name>int13.obj</name>
      </input_file>
      <input_file id="fl-35">
         <path>C:\ti\ccsv7\tools\compiler\ti-cgt-msp430_16.9.7.LTS\lib\</path>
         <kind>archive</kind>
         <file>rts430_eabi.lib</file>
         <name>int14.obj</name>
      </input_file>
      <input_file id="fl-36">
         <path>C:\ti\ccsv7\tools\compiler\ti-cgt-msp430_16.9.7.LTS\lib\</path>
         <kind>archive</kind>
         <file>rts430_eabi.lib</file>
         <name>isr_trap.obj</name>
      </input_file>
      <input_file id="fl-37">
         <path>C:\ti\ccsv7\tools\compiler\ti-cgt-msp430_16.9.7.LTS\lib\</path>
         <kind>archive</kind>
         <file>rts430_eabi.lib</file>
         <name>lsl16.obj</name>
      </input_file>
      <input_file id="fl-38">
         <path>C:\ti\ccsv7\tools\compiler\ti-cgt-msp430_16.9.7.LTS\lib\</path>
         <kind>archive</kind>
         <file>rts430_eabi.lib</file>
         <name>lsl32.obj</name>
      </input_file>
      <input_file id="fl-39">
         <path>C:\ti\ccsv7\tools\compiler\ti-cgt-msp430_16.9.7.LTS\lib\</path>
         <kind>archive</kind>
         <file>rts430_eabi.lib</file>
         <name>lsr16.obj</name>
      </input_file>
      <input_file id="fl-3a">
         <path>C:\ti\ccsv7\tools\compiler\ti-cgt-msp430_16.9.7.LTS\lib\</path>
         <kind>archive</kind>
         <file>rts430_eabi.lib</file>
         <name>lsr32.obj</name>
      </input_file>
      <input_file id="fl-3b">
         <path>C:\ti\ccsv7\tools\compiler\ti-cgt-msp430_16.9.7.LTS\lib\</path>
         <kind>archive</kind>
         <file>rts430_eabi.lib</file>
         <name>lsr64.obj</name>
      </input_file>
      <input_file id="fl-3c">
         <path>C:\ti\ccsv7\tools\compiler\ti-cgt-msp430_16.9.7.LTS\lib\</path>
         <kind>archive</kind>
         <file>rts430_eabi.lib</file>
         <name>memcpy.obj</name>
      </input_file>
      <input_file id="fl-3d">
         <path>C:\ti\ccsv7\tools\compiler\ti-cgt-msp430_16.9.7.LTS\lib\</path>
         <kind>archive</kind>
         <file>rts430_eabi.lib</file>
         <name>mpu_init.obj</name>
      </input_file>
      <input_file id="fl-3e">
         <path>C:\ti\ccsv7\tools\compiler\ti-cgt-msp430_16.9.7.LTS\lib\</path>
         <kind>archive</kind>
         <file>rts430_eabi.lib</file>
         <name>pre_init.obj</name>
      </input_file>
      <input_file id="fl-3f">
         <path>C:\ti\ccsv7\tools\compiler\ti-cgt-msp430_16.9.7.LTS\lib\</path>
         <kind>archive</kind>
         <file>rts430_eabi.lib</file>
         <name>_lock.obj</name>
      </input_file>
      <input_file id="fl-40">
         <path>C:\ti\ccsv7\tools\compiler\ti-cgt-msp430_16.9.7.LTS\lib\</path>
         <kind>archive</kind>
         <file>rts430_eabi.lib</file>
         <name>args_main.obj</name>
      </input_file>
      <input_file id="fl-41">
         <path>C:\ti\ccsv7\tools\compiler\ti-cgt-msp430_16.9.7.LTS\lib\</path>
         <kind>archive</kind>
         <file>rts430_eabi.lib</file>
         <name>asr16.obj</name>
      </input_file>
      <input_file id="fl-42">
         <path>C:\ti\ccsv7\tools\compiler\ti-cgt-msp430_16.9.7.LTS\lib\</path>
         <kind>archive</kind>
         <file>rts430_eabi.lib</file>
         <name>autoinit.obj</name>
      </input_file>
      <input_file id="fl-43">
         <path>C:\ti\ccsv7\tools\compiler\ti-cgt-msp430_16.9.7.LTS\lib\</path>
         <kind>archive</kind>
         <file>rts430_eabi.lib</file>
         <name>cpy_tbl.obj</name>
      </input_file>
      <input_file id="fl-44">
         <path>C:\ti\ccsv7\tools\compiler\ti-cgt-msp430_16.9.7.LTS\lib\</path>
         <kind>archive</kind>
         <file>rts430_eabi.lib</file>
         <name>mult16.obj</name>
      </input_file>
      <input_file id="fl-45">
         <path>C:\ti\ccsv7\tools\compiler\ti-cgt-msp430_16.9.7.LTS\lib\</path>
         <kind>archive</kind>
         <file>rts430_eabi.lib</file>
         <name>startup.obj</name>
      </input_file>
   </input_file_list>
   <object_component_list>
      <object_component id="oc-2b6">
         <name>.bss</name>
         <uninitialized>true</uninitialized>
         <run_address>0x22c</run_address>
         <size>0x1</size>
         <input_file_ref idref="fl-2"/>
      </object_component>
      <object_component id="oc-18f">
         <name>.bss</name>
         <uninitialized>true</uninitialized>
         <run_address>0x21a</run_address>
         <size>0xe</size>
         <input_file_ref idref="fl-4"/>
      </object_component>
      <object_component id="oc-194">
         <name>.bss</name>
         <uninitialized>true</uninitialized>
         <run_address>0x228</run_address>
         <size>0x4</size>
         <input_file_ref idref="fl-5"/>
      </object_component>
      <object_component id="oc-2a2">
         <name>.data:stop</name>
         <load_address>0x214</load_address>
         <run_address>0x214</run_address>
         <size>0x3</size>
         <input_file_ref idref="fl-2"/>
      </object_component>
      <object_component id="oc-2ad">
         <name>.data</name>
         <load_address>0x200</load_address>
         <run_address>0x200</run_address>
         <size>0x7</size>
         <input_file_ref idref="fl-2"/>
      </object_component>
      <object_component id="oc-2b0">
         <name>.data:f_ant</name>
         <load_address>0x20e</load_address>
         <run_address>0x20e</run_address>
         <size>0x5</size>
         <input_file_ref idref="fl-2"/>
      </object_component>
      <object_component id="oc-2b3">
         <name>.data:c_ant</name>
         <load_address>0x208</load_address>
         <run_address>0x208</run_address>
         <size>0x5</size>
         <input_file_ref idref="fl-2"/>
      </object_component>
      <object_component id="oc-278">
         <name>.data</name>
         <load_address>0x217</load_address>
         <run_address>0x217</run_address>
         <size>0x2</size>
         <input_file_ref idref="fl-6"/>
      </object_component>
      <object_component id="oc-f1">
         <name>.stack</name>
         <uninitialized>true</uninitialized>
         <run_address>0x3b0</run_address>
         <size>0x2</size>
         <input_file_ref idref="fl-21"/>
      </object_component>
      <object_component id="oc-39f">
         <name>.stack</name>
         <uninitialized>true</uninitialized>
         <run_address>0x3b0</run_address>
         <size>0x0</size>
      </object_component>
      <object_component id="oc-160">
         <name>.text:main</name>
         <load_address>0xc000</load_address>
         <run_address>0xc000</run_address>
         <size>0xe4</size>
         <input_file_ref idref="fl-5"/>
      </object_component>
      <object_component id="oc-317">
         <name>.text:MMA8451OverSampling</name>
         <load_address>0xc0e4</load_address>
         <run_address>0xc0e4</run_address>
         <size>0xde</size>
         <input_file_ref idref="fl-6"/>
      </object_component>
      <object_component id="oc-224">
         <name>.text:__mspabi_cmpd</name>
         <load_address>0xc1c2</load_address>
         <run_address>0xc1c2</run_address>
         <size>0xdc</size>
         <input_file_ref idref="fl-23"/>
      </object_component>
      <object_component id="oc-2c2">
         <name>.text:recuadro</name>
         <load_address>0xc29e</load_address>
         <run_address>0xc29e</run_address>
         <size>0x96</size>
         <input_file_ref idref="fl-2"/>
      </object_component>
      <object_component id="oc-21e">
         <name>.text:__mspabi_fltuld</name>
         <load_address>0xc334</load_address>
         <run_address>0xc334</run_address>
         <size>0x8a</size>
         <input_file_ref idref="fl-2c"/>
      </object_component>
      <object_component id="oc-127">
         <name>.text:tx_interrupt</name>
         <load_address>0xc3be</load_address>
         <run_address>0xc3be</run_address>
         <size>0x84</size>
         <input_file_ref idref="fl-4"/>
      </object_component>
      <object_component id="oc-1c3">
         <name>.text:initLCD</name>
         <load_address>0xc442</load_address>
         <run_address>0xc442</run_address>
         <size>0x80</size>
         <input_file_ref idref="fl-2"/>
      </object_component>
      <object_component id="oc-34">
         <name>.text:decompress:lzss:__TI_decompress_lzss</name>
         <load_address>0xc4c2</load_address>
         <run_address>0xc4c2</run_address>
         <size>0x7c</size>
         <input_file_ref idref="fl-24"/>
      </object_component>
      <object_component id="oc-146">
         <name>.text:_auto_init</name>
         <load_address>0xc53e</load_address>
         <run_address>0xc53e</run_address>
         <size>0x6e</size>
         <input_file_ref idref="fl-42"/>
      </object_component>
      <object_component id="oc-311">
         <name>.text:MMA8451DataRate</name>
         <load_address>0xc5ac</load_address>
         <run_address>0xc5ac</run_address>
         <size>0x6a</size>
         <input_file_ref idref="fl-6"/>
      </object_component>
      <object_component id="oc-206">
         <name>.text:mover</name>
         <load_address>0xc616</load_address>
         <run_address>0xc616</run_address>
         <size>0x6a</size>
         <input_file_ref idref="fl-2"/>
      </object_component>
      <object_component id="oc-2cf">
         <name>.text:l_lsr_const</name>
         <load_address>0xc680</load_address>
         <run_address>0xc680</run_address>
         <size>0x5c</size>
         <input_file_ref idref="fl-3a"/>
      </object_component>
      <object_component id="oc-19b">
         <name>.text:copy_in</name>
         <load_address>0xc6dc</load_address>
         <run_address>0xc6dc</run_address>
         <size>0x5a</size>
         <input_file_ref idref="fl-43"/>
      </object_component>
      <object_component id="oc-1bd">
         <name>.text:init_i2c</name>
         <load_address>0xc736</load_address>
         <run_address>0xc736</run_address>
         <size>0x50</size>
         <input_file_ref idref="fl-4"/>
      </object_component>
      <object_component id="oc-fa">
         <name>.text</name>
         <load_address>0xc786</load_address>
         <run_address>0xc786</run_address>
         <size>0x4c</size>
         <input_file_ref idref="fl-39"/>
      </object_component>
      <object_component id="oc-218">
         <name>.text:dibujar</name>
         <load_address>0xc7d2</load_address>
         <run_address>0xc7d2</run_address>
         <size>0x4a</size>
         <input_file_ref idref="fl-2"/>
      </object_component>
      <object_component id="oc-200">
         <name>.text:direccion</name>
         <load_address>0xc81c</load_address>
         <run_address>0xc81c</run_address>
         <size>0x4a</size>
         <input_file_ref idref="fl-2"/>
      </object_component>
      <object_component id="oc-281">
         <name>.text:MMA8451Reset</name>
         <load_address>0xc866</load_address>
         <run_address>0xc866</run_address>
         <size>0x42</size>
         <input_file_ref idref="fl-6"/>
      </object_component>
      <object_component id="oc-2ca">
         <name>.text:l_lsl_const</name>
         <load_address>0xc8a8</load_address>
         <run_address>0xc8a8</run_address>
         <size>0x3e</size>
         <input_file_ref idref="fl-38"/>
      </object_component>
      <object_component id="oc-27b">
         <name>.text:read_byte</name>
         <load_address>0xc8e6</load_address>
         <run_address>0xc8e6</run_address>
         <size>0x3e</size>
         <input_file_ref idref="fl-6"/>
      </object_component>
      <object_component id="oc-302">
         <name>.text:i2c_read</name>
         <load_address>0xc924</load_address>
         <run_address>0xc924</run_address>
         <size>0x3c</size>
         <input_file_ref idref="fl-4"/>
      </object_component>
      <object_component id="oc-31f">
         <name>.text:writeCharToLCD</name>
         <load_address>0xc960</load_address>
         <run_address>0xc960</run_address>
         <size>0x3c</size>
         <input_file_ref idref="fl-2"/>
      </object_component>
      <object_component id="oc-30b">
         <name>.text:MMA8451_2g</name>
         <load_address>0xc99c</load_address>
         <run_address>0xc99c</run_address>
         <size>0x3a</size>
         <input_file_ref idref="fl-6"/>
      </object_component>
      <object_component id="oc-34c">
         <name>.text:MMA8451Active</name>
         <load_address>0xc9d6</load_address>
         <run_address>0xc9d6</run_address>
         <size>0x34</size>
         <input_file_ref idref="fl-6"/>
      </object_component>
      <object_component id="oc-1c9">
         <name>.text:MMA8451Init</name>
         <load_address>0xca0a</load_address>
         <run_address>0xca0a</run_address>
         <size>0x34</size>
         <input_file_ref idref="fl-6"/>
      </object_component>
      <object_component id="oc-346">
         <name>.text:MMA8451StandBy</name>
         <load_address>0xca3e</load_address>
         <run_address>0xca3e</run_address>
         <size>0x34</size>
         <input_file_ref idref="fl-6"/>
      </object_component>
      <object_component id="oc-337">
         <name>.text</name>
         <load_address>0xca72</load_address>
         <run_address>0xca72</run_address>
         <size>0x2c</size>
         <input_file_ref idref="fl-27"/>
      </object_component>
      <object_component id="oc-f5">
         <name>.text</name>
         <load_address>0xca9e</load_address>
         <run_address>0xca9e</run_address>
         <size>0x2c</size>
         <input_file_ref idref="fl-37"/>
      </object_component>
      <object_component id="oc-1d5">
         <name>.text:clearLCD</name>
         <load_address>0xcaca</load_address>
         <run_address>0xcaca</run_address>
         <size>0x2a</size>
         <input_file_ref idref="fl-2"/>
      </object_component>
      <object_component id="oc-1fa">
         <name>.text:paso</name>
         <load_address>0xcaf4</load_address>
         <run_address>0xcaf4</run_address>
         <size>0x2a</size>
         <input_file_ref idref="fl-2"/>
      </object_component>
      <object_component id="oc-212">
         <name>.text:ADCluxLevel</name>
         <load_address>0xcb1e</load_address>
         <run_address>0xcb1e</run_address>
         <size>0x28</size>
         <input_file_ref idref="fl-3"/>
      </object_component>
      <object_component id="oc-20c">
         <name>.text:visible</name>
         <load_address>0xcb46</load_address>
         <run_address>0xcb46</run_address>
         <size>0x28</size>
         <input_file_ref idref="fl-2"/>
      </object_component>
      <object_component id="oc-2f6">
         <name>.text:i2c_write</name>
         <load_address>0xcb6e</load_address>
         <run_address>0xcb6e</run_address>
         <size>0x26</size>
         <input_file_ref idref="fl-4"/>
      </object_component>
      <object_component id="oc-26b">
         <name>.text:writeToLCD</name>
         <load_address>0xcb94</load_address>
         <run_address>0xcb94</run_address>
         <size>0x22</size>
         <input_file_ref idref="fl-2"/>
      </object_component>
      <object_component id="oc-28f">
         <name>.text:setAddr</name>
         <load_address>0xcbb6</load_address>
         <run_address>0xcbb6</run_address>
         <size>0x20</size>
         <input_file_ref idref="fl-2"/>
      </object_component>
      <object_component id="oc-1cf">
         <name>.text:initADClux</name>
         <load_address>0xcbd6</load_address>
         <run_address>0xcbd6</run_address>
         <size>0x1e</size>
         <input_file_ref idref="fl-3"/>
      </object_component>
      <object_component id="oc-12d">
         <name>.text:rx_interrupt</name>
         <load_address>0xcbf4</load_address>
         <run_address>0xcbf4</run_address>
         <size>0x1e</size>
         <input_file_ref idref="fl-4"/>
      </object_component>
      <object_component id="oc-6b">
         <name>.text:_c_int00_noargs_noexit</name>
         <load_address>0xcc12</load_address>
         <run_address>0xcc12</run_address>
         <size>0x1a</size>
         <input_file_ref idref="fl-22"/>
      </object_component>
      <object_component id="oc-2a7">
         <name>.text:movimiento</name>
         <load_address>0xcc2c</load_address>
         <run_address>0xcc2c</run_address>
         <size>0x16</size>
         <input_file_ref idref="fl-2"/>
      </object_component>
      <object_component id="oc-359">
         <name>.text</name>
         <load_address>0xcc42</load_address>
         <run_address>0xcc42</run_address>
         <size>0x16</size>
         <input_file_ref idref="fl-28"/>
      </object_component>
      <object_component id="oc-296">
         <name>.text:writeStringToLCD</name>
         <load_address>0xcc58</load_address>
         <run_address>0xcc58</run_address>
         <size>0x16</size>
         <input_file_ref idref="fl-2"/>
      </object_component>
      <object_component id="oc-4d">
         <name>.text:decompress:ZI:__TI_zero_init</name>
         <load_address>0xcc6e</load_address>
         <run_address>0xcc6e</run_address>
         <size>0x14</size>
         <input_file_ref idref="fl-26"/>
      </object_component>
      <object_component id="oc-23b">
         <name>.text</name>
         <load_address>0xcc82</load_address>
         <run_address>0xcc82</run_address>
         <size>0x14</size>
         <input_file_ref idref="fl-44"/>
      </object_component>
      <object_component id="oc-3a">
         <name>.text:decompress:none:__TI_decompress_none</name>
         <load_address>0xcc96</load_address>
         <run_address>0xcc96</run_address>
         <size>0x12</size>
         <input_file_ref idref="fl-25"/>
      </object_component>
      <object_component id="oc-10f">
         <name>.text:memcpy</name>
         <load_address>0xcca8</load_address>
         <run_address>0xcca8</run_address>
         <size>0x12</size>
         <input_file_ref idref="fl-3c"/>
      </object_component>
      <object_component id="oc-1e8">
         <name>.text:normalizar</name>
         <load_address>0xccba</load_address>
         <run_address>0xccba</run_address>
         <size>0x12</size>
         <input_file_ref idref="fl-5"/>
      </object_component>
      <object_component id="oc-1dc">
         <name>.text:punto</name>
         <load_address>0xcccc</load_address>
         <run_address>0xcccc</run_address>
         <size>0x12</size>
         <input_file_ref idref="fl-2"/>
      </object_component>
      <object_component id="oc-287">
         <name>.text:MMA8451OrientDetect</name>
         <load_address>0xccde</load_address>
         <run_address>0xccde</run_address>
         <size>0x10</size>
         <input_file_ref idref="fl-6"/>
      </object_component>
      <object_component id="oc-ff">
         <name>.text</name>
         <load_address>0xccee</load_address>
         <run_address>0xccee</run_address>
         <size>0x10</size>
         <input_file_ref idref="fl-29"/>
      </object_component>
      <object_component id="oc-1ee">
         <name>.text:MMA8451GetYAxis</name>
         <load_address>0xccfe</load_address>
         <run_address>0xccfe</run_address>
         <size>0xe</size>
         <input_file_ref idref="fl-6"/>
      </object_component>
      <object_component id="oc-1f4">
         <name>.text:MMA8451GetZAxis</name>
         <load_address>0xcd0c</load_address>
         <run_address>0xcd0c</run_address>
         <size>0xe</size>
         <input_file_ref idref="fl-6"/>
      </object_component>
      <object_component id="oc-1e2">
         <name>.text:MMA8451GetXAxis</name>
         <load_address>0xcd1a</load_address>
         <run_address>0xcd1a</run_address>
         <size>0xc</size>
         <input_file_ref idref="fl-6"/>
      </object_component>
      <object_component id="oc-133">
         <name>.text:timer_interrupt</name>
         <load_address>0xcd26</load_address>
         <run_address>0xcd26</run_address>
         <size>0xa</size>
         <input_file_ref idref="fl-5"/>
      </object_component>
      <object_component id="oc-121">
         <name>.text:ADC10_ISR</name>
         <load_address>0xcd30</load_address>
         <run_address>0xcd30</run_address>
         <size>0x8</size>
         <input_file_ref idref="fl-3"/>
      </object_component>
      <object_component id="oc-11c">
         <name>.text:_isr:__TI_ISR_TRAP</name>
         <load_address>0xcd38</load_address>
         <run_address>0xcd38</run_address>
         <size>0x8</size>
         <input_file_ref idref="fl-36"/>
      </object_component>
      <object_component id="oc-272">
         <name>.text:MMA8451SetDeviceAddr</name>
         <load_address>0xcd40</load_address>
         <run_address>0xcd40</run_address>
         <size>0x6</size>
         <input_file_ref idref="fl-6"/>
      </object_component>
      <object_component id="oc-168">
         <name>.text:abort</name>
         <load_address>0xcd46</load_address>
         <run_address>0xcd46</run_address>
         <size>0x6</size>
         <input_file_ref idref="fl-2a"/>
      </object_component>
      <object_component id="oc-2fc">
         <name>.text:i2c_busy</name>
         <load_address>0xcd4c</load_address>
         <run_address>0xcd4c</run_address>
         <size>0x6</size>
         <input_file_ref idref="fl-4"/>
      </object_component>
      <object_component id="oc-140">
         <name>.text:_system_pre_init</name>
         <load_address>0xcd52</load_address>
         <run_address>0xcd52</run_address>
         <size>0x4</size>
         <input_file_ref idref="fl-3e"/>
      </object_component>
      <object_component id="oc-1a1">
         <name>.text:_system_post_cinit</name>
         <load_address>0xcd56</load_address>
         <run_address>0xcd56</run_address>
         <size>0x2</size>
         <input_file_ref idref="fl-45"/>
      </object_component>
      <object_component id="oc-39e">
         <name>.cinit..data.load</name>
         <load_address>0xcf70</load_address>
         <run_address>0xcf70</run_address>
         <size>0x10</size>
      </object_component>
      <object_component id="oc-39b">
         <name>__TI_handler_table</name>
         <load_address>0xcf80</load_address>
         <run_address>0xcf80</run_address>
         <size>0x6</size>
      </object_component>
      <object_component id="oc-39d">
         <name>.cinit..bss.load</name>
         <load_address>0xcf86</load_address>
         <run_address>0xcf86</run_address>
         <size>0x4</size>
      </object_component>
      <object_component id="oc-39c">
         <name>__TI_cinit_table</name>
         <load_address>0xcf8a</load_address>
         <run_address>0xcf8a</run_address>
         <size>0x8</size>
      </object_component>
      <object_component id="oc-355">
         <name>.const:font</name>
         <load_address>0xcd58</load_address>
         <run_address>0xcd58</run_address>
         <size>0x1e0</size>
         <input_file_ref idref="fl-2"/>
      </object_component>
      <object_component id="oc-2bc">
         <name>.const:Columna</name>
         <load_address>0xcf38</load_address>
         <run_address>0xcf38</run_address>
         <size>0x10</size>
         <input_file_ref idref="fl-2"/>
      </object_component>
      <object_component id="oc-2b9">
         <name>.const:Fila</name>
         <load_address>0xcf48</load_address>
         <run_address>0xcf48</run_address>
         <size>0x10</size>
         <input_file_ref idref="fl-2"/>
      </object_component>
      <object_component id="oc-1db">
         <name>.const:.string</name>
         <load_address>0xcf58</load_address>
         <run_address>0xcf58</run_address>
         <size>0xe</size>
         <input_file_ref idref="fl-5"/>
      </object_component>
      <object_component id="oc-2c8">
         <name>.const:.string</name>
         <load_address>0xcf66</load_address>
         <run_address>0xcf66</run_address>
         <size>0xa</size>
         <input_file_ref idref="fl-2"/>
      </object_component>
      <object_component id="oc-365">
         <name>.binit</name>
         <load_address>0xc000</load_address>
         <run_address>0xc000</run_address>
         <size>0x0</size>
      </object_component>
      <object_component id="oc-40">
         <name>.int00</name>
         <load_address>0xffe0</load_address>
         <run_address>0xffe0</run_address>
         <size>0x2</size>
         <input_file_ref idref="fl-2d"/>
      </object_component>
      <object_component id="oc-41">
         <name>.int02</name>
         <load_address>0xffe4</load_address>
         <run_address>0xffe4</run_address>
         <size>0x2</size>
         <input_file_ref idref="fl-2e"/>
      </object_component>
      <object_component id="oc-42">
         <name>.int03</name>
         <load_address>0xffe6</load_address>
         <run_address>0xffe6</run_address>
         <size>0x2</size>
         <input_file_ref idref="fl-2f"/>
      </object_component>
      <object_component id="oc-43">
         <name>.int05</name>
         <load_address>0xffea</load_address>
         <run_address>0xffea</run_address>
         <size>0x2</size>
         <input_file_ref idref="fl-3"/>
      </object_component>
      <object_component id="oc-44">
         <name>.int06</name>
         <load_address>0xffec</load_address>
         <run_address>0xffec</run_address>
         <size>0x2</size>
         <input_file_ref idref="fl-4"/>
      </object_component>
      <object_component id="oc-45">
         <name>.int07</name>
         <load_address>0xffee</load_address>
         <run_address>0xffee</run_address>
         <size>0x2</size>
         <input_file_ref idref="fl-4"/>
      </object_component>
      <object_component id="oc-46">
         <name>.int08</name>
         <load_address>0xfff0</load_address>
         <run_address>0xfff0</run_address>
         <size>0x2</size>
         <input_file_ref idref="fl-30"/>
      </object_component>
      <object_component id="oc-47">
         <name>.int09</name>
         <load_address>0xfff2</load_address>
         <run_address>0xfff2</run_address>
         <size>0x2</size>
         <input_file_ref idref="fl-5"/>
      </object_component>
      <object_component id="oc-48">
         <name>.int10</name>
         <load_address>0xfff4</load_address>
         <run_address>0xfff4</run_address>
         <size>0x2</size>
         <input_file_ref idref="fl-31"/>
      </object_component>
      <object_component id="oc-49">
         <name>.int11</name>
         <load_address>0xfff6</load_address>
         <run_address>0xfff6</run_address>
         <size>0x2</size>
         <input_file_ref idref="fl-32"/>
      </object_component>
      <object_component id="oc-4a">
         <name>.int12</name>
         <load_address>0xfff8</load_address>
         <run_address>0xfff8</run_address>
         <size>0x2</size>
         <input_file_ref idref="fl-33"/>
      </object_component>
      <object_component id="oc-4b">
         <name>.int13</name>
         <load_address>0xfffa</load_address>
         <run_address>0xfffa</run_address>
         <size>0x2</size>
         <input_file_ref idref="fl-34"/>
      </object_component>
      <object_component id="oc-4c">
         <name>.int14</name>
         <load_address>0xfffc</load_address>
         <run_address>0xfffc</run_address>
         <size>0x2</size>
         <input_file_ref idref="fl-35"/>
      </object_component>
      <object_component id="oc-f4">
         <name>.reset</name>
         <load_address>0xfffe</load_address>
         <run_address>0xfffe</run_address>
         <size>0x2</size>
         <input_file_ref idref="fl-21"/>
      </object_component>
      <object_component id="oc-29d">
         <name>.debug_info</name>
         <load_address>0x0</load_address>
         <run_address>0x0</run_address>
         <size>0x2f0</size>
         <input_file_ref idref="fl-2"/>
      </object_component>
      <object_component id="oc-2ba">
         <name>.debug_info</name>
         <load_address>0x2f0</load_address>
         <run_address>0x2f0</run_address>
         <size>0xc5</size>
         <input_file_ref idref="fl-2"/>
      </object_component>
      <object_component id="oc-2bd">
         <name>.debug_info</name>
         <load_address>0x3b5</load_address>
         <run_address>0x3b5</run_address>
         <size>0xcb</size>
         <input_file_ref idref="fl-2"/>
      </object_component>
      <object_component id="oc-356">
         <name>.debug_info</name>
         <load_address>0x480</load_address>
         <run_address>0x480</run_address>
         <size>0xc5</size>
         <input_file_ref idref="fl-2"/>
      </object_component>
      <object_component id="oc-2a3">
         <name>.debug_info</name>
         <load_address>0x545</load_address>
         <run_address>0x545</run_address>
         <size>0xc5</size>
         <input_file_ref idref="fl-2"/>
      </object_component>
      <object_component id="oc-2ae">
         <name>.debug_info</name>
         <load_address>0x60a</load_address>
         <run_address>0x60a</run_address>
         <size>0x10b</size>
         <input_file_ref idref="fl-2"/>
      </object_component>
      <object_component id="oc-2b1">
         <name>.debug_info</name>
         <load_address>0x715</load_address>
         <run_address>0x715</run_address>
         <size>0xc7</size>
         <input_file_ref idref="fl-2"/>
      </object_component>
      <object_component id="oc-2b4">
         <name>.debug_info</name>
         <load_address>0x7dc</load_address>
         <run_address>0x7dc</run_address>
         <size>0xc7</size>
         <input_file_ref idref="fl-2"/>
      </object_component>
      <object_component id="oc-2b7">
         <name>.debug_info</name>
         <load_address>0x8a3</load_address>
         <run_address>0x8a3</run_address>
         <size>0xc3</size>
         <input_file_ref idref="fl-2"/>
      </object_component>
      <object_component id="oc-290">
         <name>.debug_info</name>
         <load_address>0x966</load_address>
         <run_address>0x966</run_address>
         <size>0x16a</size>
         <input_file_ref idref="fl-2"/>
      </object_component>
      <object_component id="oc-26c">
         <name>.debug_info</name>
         <load_address>0xad0</load_address>
         <run_address>0xad0</run_address>
         <size>0x162</size>
         <input_file_ref idref="fl-2"/>
      </object_component>
      <object_component id="oc-1c5">
         <name>.debug_info</name>
         <load_address>0xc32</load_address>
         <run_address>0xc32</run_address>
         <size>0x162</size>
         <input_file_ref idref="fl-2"/>
      </object_component>
      <object_component id="oc-320">
         <name>.debug_info</name>
         <load_address>0xd94</load_address>
         <run_address>0xd94</run_address>
         <size>0x14d</size>
         <input_file_ref idref="fl-2"/>
      </object_component>
      <object_component id="oc-297">
         <name>.debug_info</name>
         <load_address>0xee1</load_address>
         <run_address>0xee1</run_address>
         <size>0x14d</size>
         <input_file_ref idref="fl-2"/>
      </object_component>
      <object_component id="oc-1d6">
         <name>.debug_info</name>
         <load_address>0x102e</load_address>
         <run_address>0x102e</run_address>
         <size>0x136</size>
         <input_file_ref idref="fl-2"/>
      </object_component>
      <object_component id="oc-20d">
         <name>.debug_info</name>
         <load_address>0x1164</load_address>
         <run_address>0x1164</run_address>
         <size>0x125</size>
         <input_file_ref idref="fl-2"/>
      </object_component>
      <object_component id="oc-1dd">
         <name>.debug_info</name>
         <load_address>0x1289</load_address>
         <run_address>0x1289</run_address>
         <size>0x177</size>
         <input_file_ref idref="fl-2"/>
      </object_component>
      <object_component id="oc-201">
         <name>.debug_info</name>
         <load_address>0x1400</load_address>
         <run_address>0x1400</run_address>
         <size>0x129</size>
         <input_file_ref idref="fl-2"/>
      </object_component>
      <object_component id="oc-1fb">
         <name>.debug_info</name>
         <load_address>0x1529</load_address>
         <run_address>0x1529</run_address>
         <size>0x120</size>
         <input_file_ref idref="fl-2"/>
      </object_component>
      <object_component id="oc-207">
         <name>.debug_info</name>
         <load_address>0x1649</load_address>
         <run_address>0x1649</run_address>
         <size>0x122</size>
         <input_file_ref idref="fl-2"/>
      </object_component>
      <object_component id="oc-2c3">
         <name>.debug_info</name>
         <load_address>0x176b</load_address>
         <run_address>0x176b</run_address>
         <size>0x194</size>
         <input_file_ref idref="fl-2"/>
      </object_component>
      <object_component id="oc-219">
         <name>.debug_info</name>
         <load_address>0x18ff</load_address>
         <run_address>0x18ff</run_address>
         <size>0x140</size>
         <input_file_ref idref="fl-2"/>
      </object_component>
      <object_component id="oc-2a8">
         <name>.debug_info</name>
         <load_address>0x1a3f</load_address>
         <run_address>0x1a3f</run_address>
         <size>0x11b</size>
         <input_file_ref idref="fl-2"/>
      </object_component>
      <object_component id="oc-10a">
         <name>.debug_info</name>
         <load_address>0x1b5a</load_address>
         <run_address>0x1b5a</run_address>
         <size>0x84</size>
         <input_file_ref idref="fl-2"/>
      </object_component>
      <object_component id="oc-22b">
         <name>.debug_info</name>
         <load_address>0x1bde</load_address>
         <run_address>0x1bde</run_address>
         <size>0x18b</size>
         <input_file_ref idref="fl-2"/>
      </object_component>
      <object_component id="oc-1d0">
         <name>.debug_info</name>
         <load_address>0x1d69</load_address>
         <run_address>0x1d69</run_address>
         <size>0xf6</size>
         <input_file_ref idref="fl-3"/>
      </object_component>
      <object_component id="oc-215">
         <name>.debug_info</name>
         <load_address>0x1e5f</load_address>
         <run_address>0x1e5f</run_address>
         <size>0x11e</size>
         <input_file_ref idref="fl-3"/>
      </object_component>
      <object_component id="oc-122">
         <name>.debug_info</name>
         <load_address>0x1f7d</load_address>
         <run_address>0x1f7d</run_address>
         <size>0xf5</size>
         <input_file_ref idref="fl-3"/>
      </object_component>
      <object_component id="oc-237">
         <name>.debug_info</name>
         <load_address>0x2072</load_address>
         <run_address>0x2072</run_address>
         <size>0x28a</size>
         <input_file_ref idref="fl-4"/>
      </object_component>
      <object_component id="oc-190">
         <name>.debug_info</name>
         <load_address>0x22fc</load_address>
         <run_address>0x22fc</run_address>
         <size>0x1a5</size>
         <input_file_ref idref="fl-4"/>
      </object_component>
      <object_component id="oc-1bf">
         <name>.debug_info</name>
         <load_address>0x24a1</load_address>
         <run_address>0x24a1</run_address>
         <size>0xf2</size>
         <input_file_ref idref="fl-4"/>
      </object_component>
      <object_component id="oc-2fe">
         <name>.debug_info</name>
         <load_address>0x2593</load_address>
         <run_address>0x2593</run_address>
         <size>0xf6</size>
         <input_file_ref idref="fl-4"/>
      </object_component>
      <object_component id="oc-2f7">
         <name>.debug_info</name>
         <load_address>0x2689</load_address>
         <run_address>0x2689</run_address>
         <size>0x198</size>
         <input_file_ref idref="fl-4"/>
      </object_component>
      <object_component id="oc-304">
         <name>.debug_info</name>
         <load_address>0x2821</load_address>
         <run_address>0x2821</run_address>
         <size>0x174</size>
         <input_file_ref idref="fl-4"/>
      </object_component>
      <object_component id="oc-12e">
         <name>.debug_info</name>
         <load_address>0x2995</load_address>
         <run_address>0x2995</run_address>
         <size>0xfb</size>
         <input_file_ref idref="fl-4"/>
      </object_component>
      <object_component id="oc-128">
         <name>.debug_info</name>
         <load_address>0x2a90</load_address>
         <run_address>0x2a90</run_address>
         <size>0xfb</size>
         <input_file_ref idref="fl-4"/>
      </object_component>
      <object_component id="oc-23a">
         <name>.debug_info</name>
         <load_address>0x2b8b</load_address>
         <run_address>0x2b8b</run_address>
         <size>0x46d</size>
         <input_file_ref idref="fl-5"/>
      </object_component>
      <object_component id="oc-195">
         <name>.debug_info</name>
         <load_address>0x2ff8</load_address>
         <run_address>0x2ff8</run_address>
         <size>0xc4</size>
         <input_file_ref idref="fl-5"/>
      </object_component>
      <object_component id="oc-1eb">
         <name>.debug_info</name>
         <load_address>0x30bc</load_address>
         <run_address>0x30bc</run_address>
         <size>0x124</size>
         <input_file_ref idref="fl-5"/>
      </object_component>
      <object_component id="oc-162">
         <name>.debug_info</name>
         <load_address>0x31e0</load_address>
         <run_address>0x31e0</run_address>
         <size>0x273</size>
         <input_file_ref idref="fl-5"/>
      </object_component>
      <object_component id="oc-136">
         <name>.debug_info</name>
         <load_address>0x3453</load_address>
         <run_address>0x3453</run_address>
         <size>0x104</size>
         <input_file_ref idref="fl-5"/>
      </object_component>
      <object_component id="oc-30a">
         <name>.debug_info</name>
         <load_address>0x3557</load_address>
         <run_address>0x3557</run_address>
         <size>0x1ae</size>
         <input_file_ref idref="fl-6"/>
      </object_component>
      <object_component id="oc-279">
         <name>.debug_info</name>
         <load_address>0x3705</load_address>
         <run_address>0x3705</run_address>
         <size>0x10b</size>
         <input_file_ref idref="fl-6"/>
      </object_component>
      <object_component id="oc-1cc">
         <name>.debug_info</name>
         <load_address>0x3810</load_address>
         <run_address>0x3810</run_address>
         <size>0x160</size>
         <input_file_ref idref="fl-6"/>
      </object_component>
      <object_component id="oc-284">
         <name>.debug_info</name>
         <load_address>0x3970</load_address>
         <run_address>0x3970</run_address>
         <size>0x166</size>
         <input_file_ref idref="fl-6"/>
      </object_component>
      <object_component id="oc-275">
         <name>.debug_info</name>
         <load_address>0x3ad6</load_address>
         <run_address>0x3ad6</run_address>
         <size>0x138</size>
         <input_file_ref idref="fl-6"/>
      </object_component>
      <object_component id="oc-1e5">
         <name>.debug_info</name>
         <load_address>0x3c0e</load_address>
         <run_address>0x3c0e</run_address>
         <size>0x120</size>
         <input_file_ref idref="fl-6"/>
      </object_component>
      <object_component id="oc-1f1">
         <name>.debug_info</name>
         <load_address>0x3d2e</load_address>
         <run_address>0x3d2e</run_address>
         <size>0x120</size>
         <input_file_ref idref="fl-6"/>
      </object_component>
      <object_component id="oc-1f7">
         <name>.debug_info</name>
         <load_address>0x3e4e</load_address>
         <run_address>0x3e4e</run_address>
         <size>0x120</size>
         <input_file_ref idref="fl-6"/>
      </object_component>
      <object_component id="oc-349">
         <name>.debug_info</name>
         <load_address>0x3f6e</load_address>
         <run_address>0x3f6e</run_address>
         <size>0x177</size>
         <input_file_ref idref="fl-6"/>
      </object_component>
      <object_component id="oc-34f">
         <name>.debug_info</name>
         <load_address>0x40e5</load_address>
         <run_address>0x40e5</run_address>
         <size>0x18a</size>
         <input_file_ref idref="fl-6"/>
      </object_component>
      <object_component id="oc-30e">
         <name>.debug_info</name>
         <load_address>0x426f</load_address>
         <run_address>0x426f</run_address>
         <size>0x198</size>
         <input_file_ref idref="fl-6"/>
      </object_component>
      <object_component id="oc-314">
         <name>.debug_info</name>
         <load_address>0x4407</load_address>
         <run_address>0x4407</run_address>
         <size>0x228</size>
         <input_file_ref idref="fl-6"/>
      </object_component>
      <object_component id="oc-31a">
         <name>.debug_info</name>
         <load_address>0x462f</load_address>
         <run_address>0x462f</run_address>
         <size>0x333</size>
         <input_file_ref idref="fl-6"/>
      </object_component>
      <object_component id="oc-289">
         <name>.debug_info</name>
         <load_address>0x4962</load_address>
         <run_address>0x4962</run_address>
         <size>0x158</size>
         <input_file_ref idref="fl-6"/>
      </object_component>
      <object_component id="oc-27d">
         <name>.debug_info</name>
         <load_address>0x4aba</load_address>
         <run_address>0x4aba</run_address>
         <size>0x1ac</size>
         <input_file_ref idref="fl-6"/>
      </object_component>
      <object_component id="oc-2f1">
         <name>.debug_info</name>
         <load_address>0x4c66</load_address>
         <run_address>0x4c66</run_address>
         <size>0x8b</size>
         <input_file_ref idref="fl-6"/>
      </object_component>
      <object_component id="oc-f2">
         <name>.debug_info</name>
         <load_address>0x4cf1</load_address>
         <run_address>0x4cf1</run_address>
         <size>0xf5</size>
         <input_file_ref idref="fl-21"/>
      </object_component>
      <object_component id="oc-6e">
         <name>.debug_info</name>
         <load_address>0x4de6</load_address>
         <run_address>0x4de6</run_address>
         <size>0x196</size>
         <input_file_ref idref="fl-22"/>
      </object_component>
      <object_component id="oc-225">
         <name>.debug_info</name>
         <load_address>0x4f7c</load_address>
         <run_address>0x4f7c</run_address>
         <size>0x1a4</size>
         <input_file_ref idref="fl-23"/>
      </object_component>
      <object_component id="oc-2d7">
         <name>.debug_info</name>
         <load_address>0x5120</load_address>
         <run_address>0x5120</run_address>
         <size>0x94</size>
         <input_file_ref idref="fl-23"/>
      </object_component>
      <object_component id="oc-17e">
         <name>.debug_info</name>
         <load_address>0x51b4</load_address>
         <run_address>0x51b4</run_address>
         <size>0x16b</size>
         <input_file_ref idref="fl-24"/>
      </object_component>
      <object_component id="oc-35">
         <name>.debug_info</name>
         <load_address>0x531f</load_address>
         <run_address>0x531f</run_address>
         <size>0x287</size>
         <input_file_ref idref="fl-24"/>
      </object_component>
      <object_component id="oc-105">
         <name>.debug_info</name>
         <load_address>0x55a6</load_address>
         <run_address>0x55a6</run_address>
         <size>0x60</size>
         <input_file_ref idref="fl-24"/>
      </object_component>
      <object_component id="oc-179">
         <name>.debug_info</name>
         <load_address>0x5606</load_address>
         <run_address>0x5606</run_address>
         <size>0x46</size>
         <input_file_ref idref="fl-24"/>
      </object_component>
      <object_component id="oc-11b">
         <name>.debug_info</name>
         <load_address>0x564c</load_address>
         <run_address>0x564c</run_address>
         <size>0x1b2</size>
         <input_file_ref idref="fl-25"/>
      </object_component>
      <object_component id="oc-3e">
         <name>.debug_info</name>
         <load_address>0x57fe</load_address>
         <run_address>0x57fe</run_address>
         <size>0x1df</size>
         <input_file_ref idref="fl-25"/>
      </object_component>
      <object_component id="oc-116">
         <name>.debug_info</name>
         <load_address>0x59dd</load_address>
         <run_address>0x59dd</run_address>
         <size>0x46</size>
         <input_file_ref idref="fl-25"/>
      </object_component>
      <object_component id="oc-186">
         <name>.debug_info</name>
         <load_address>0x5a23</load_address>
         <run_address>0x5a23</run_address>
         <size>0x2c</size>
         <input_file_ref idref="fl-25"/>
      </object_component>
      <object_component id="oc-13f">
         <name>.debug_info</name>
         <load_address>0x5a4f</load_address>
         <run_address>0x5a4f</run_address>
         <size>0x16a</size>
         <input_file_ref idref="fl-26"/>
      </object_component>
      <object_component id="oc-4e">
         <name>.debug_info</name>
         <load_address>0x5bb9</load_address>
         <run_address>0x5bb9</run_address>
         <size>0x1b5</size>
         <input_file_ref idref="fl-26"/>
      </object_component>
      <object_component id="oc-13a">
         <name>.debug_info</name>
         <load_address>0x5d6e</load_address>
         <run_address>0x5d6e</run_address>
         <size>0x46</size>
         <input_file_ref idref="fl-26"/>
      </object_component>
      <object_component id="oc-181">
         <name>.debug_info</name>
         <load_address>0x5db4</load_address>
         <run_address>0x5db4</run_address>
         <size>0x2c</size>
         <input_file_ref idref="fl-26"/>
      </object_component>
      <object_component id="oc-338">
         <name>.debug_info</name>
         <load_address>0x5de0</load_address>
         <run_address>0x5de0</run_address>
         <size>0x12d</size>
         <input_file_ref idref="fl-27"/>
      </object_component>
      <object_component id="oc-35c">
         <name>.debug_info</name>
         <load_address>0x5f0d</load_address>
         <run_address>0x5f0d</run_address>
         <size>0x119</size>
         <input_file_ref idref="fl-28"/>
      </object_component>
      <object_component id="oc-101">
         <name>.debug_info</name>
         <load_address>0x6026</load_address>
         <run_address>0x6026</run_address>
         <size>0x126</size>
         <input_file_ref idref="fl-29"/>
      </object_component>
      <object_component id="oc-16c">
         <name>.debug_info</name>
         <load_address>0x614c</load_address>
         <run_address>0x614c</run_address>
         <size>0x117</size>
         <input_file_ref idref="fl-2a"/>
      </object_component>
      <object_component id="oc-2d5">
         <name>.debug_info</name>
         <load_address>0x6263</load_address>
         <run_address>0x6263</run_address>
         <size>0x1ca</size>
         <input_file_ref idref="fl-2c"/>
      </object_component>
      <object_component id="oc-21f">
         <name>.debug_info</name>
         <load_address>0x642d</load_address>
         <run_address>0x642d</run_address>
         <size>0x1d8</size>
         <input_file_ref idref="fl-2c"/>
      </object_component>
      <object_component id="oc-11e">
         <name>.debug_info</name>
         <load_address>0x6605</load_address>
         <run_address>0x6605</run_address>
         <size>0x107</size>
         <input_file_ref idref="fl-36"/>
      </object_component>
      <object_component id="oc-f8">
         <name>.debug_info</name>
         <load_address>0x670c</load_address>
         <run_address>0x670c</run_address>
         <size>0x118</size>
         <input_file_ref idref="fl-37"/>
      </object_component>
      <object_component id="oc-2cc">
         <name>.debug_info</name>
         <load_address>0x6824</load_address>
         <run_address>0x6824</run_address>
         <size>0x11e</size>
         <input_file_ref idref="fl-38"/>
      </object_component>
      <object_component id="oc-fb">
         <name>.debug_info</name>
         <load_address>0x6942</load_address>
         <run_address>0x6942</run_address>
         <size>0x118</size>
         <input_file_ref idref="fl-39"/>
      </object_component>
      <object_component id="oc-2d1">
         <name>.debug_info</name>
         <load_address>0x6a5a</load_address>
         <run_address>0x6a5a</run_address>
         <size>0x11e</size>
         <input_file_ref idref="fl-3a"/>
      </object_component>
      <object_component id="oc-180">
         <name>.debug_info</name>
         <load_address>0x6b78</load_address>
         <run_address>0x6b78</run_address>
         <size>0x16d</size>
         <input_file_ref idref="fl-3c"/>
      </object_component>
      <object_component id="oc-111">
         <name>.debug_info</name>
         <load_address>0x6ce5</load_address>
         <run_address>0x6ce5</run_address>
         <size>0x191</size>
         <input_file_ref idref="fl-3c"/>
      </object_component>
      <object_component id="oc-142">
         <name>.debug_info</name>
         <load_address>0x6e76</load_address>
         <run_address>0x6e76</run_address>
         <size>0x148</size>
         <input_file_ref idref="fl-3e"/>
      </object_component>
      <object_component id="oc-1a8">
         <name>.debug_info</name>
         <load_address>0x6fbe</load_address>
         <run_address>0x6fbe</run_address>
         <size>0x3b6</size>
         <input_file_ref idref="fl-42"/>
      </object_component>
      <object_component id="oc-148">
         <name>.debug_info</name>
         <load_address>0x7374</load_address>
         <run_address>0x7374</run_address>
         <size>0x1c2</size>
         <input_file_ref idref="fl-42"/>
      </object_component>
      <object_component id="oc-245">
         <name>.debug_info</name>
         <load_address>0x7536</load_address>
         <run_address>0x7536</run_address>
         <size>0x39</size>
         <input_file_ref idref="fl-42"/>
      </object_component>
      <object_component id="oc-24a">
         <name>.debug_info</name>
         <load_address>0x756f</load_address>
         <run_address>0x756f</run_address>
         <size>0xcd</size>
         <input_file_ref idref="fl-42"/>
      </object_component>
      <object_component id="oc-241">
         <name>.debug_info</name>
         <load_address>0x763c</load_address>
         <run_address>0x763c</run_address>
         <size>0x252</size>
         <input_file_ref idref="fl-43"/>
      </object_component>
      <object_component id="oc-19d">
         <name>.debug_info</name>
         <load_address>0x788e</load_address>
         <run_address>0x788e</run_address>
         <size>0x1b0</size>
         <input_file_ref idref="fl-43"/>
      </object_component>
      <object_component id="oc-2e3">
         <name>.debug_info</name>
         <load_address>0x7a3e</load_address>
         <run_address>0x7a3e</run_address>
         <size>0x2c</size>
         <input_file_ref idref="fl-43"/>
      </object_component>
      <object_component id="oc-23c">
         <name>.debug_info</name>
         <load_address>0x7a6a</load_address>
         <run_address>0x7a6a</run_address>
         <size>0x119</size>
         <input_file_ref idref="fl-44"/>
      </object_component>
      <object_component id="oc-1a5">
         <name>.debug_info</name>
         <load_address>0x7b83</load_address>
         <run_address>0x7b83</run_address>
         <size>0x145</size>
         <input_file_ref idref="fl-45"/>
      </object_component>
      <object_component id="oc-3a0">
         <name>.debug_info</name>
         <load_address>0x7cc8</load_address>
         <run_address>0x7cc8</run_address>
         <size>0x9d</size>
      </object_component>
      <object_component id="oc-327">
         <name>.debug_line</name>
         <load_address>0x0</load_address>
         <run_address>0x0</run_address>
         <size>0xa1</size>
         <input_file_ref idref="fl-2"/>
      </object_component>
      <object_component id="oc-334">
         <name>.debug_line</name>
         <load_address>0xa1</load_address>
         <run_address>0xa1</run_address>
         <size>0x30</size>
         <input_file_ref idref="fl-2"/>
      </object_component>
      <object_component id="oc-336">
         <name>.debug_line</name>
         <load_address>0xd1</load_address>
         <run_address>0xd1</run_address>
         <size>0x30</size>
         <input_file_ref idref="fl-2"/>
      </object_component>
      <object_component id="oc-362">
         <name>.debug_line</name>
         <load_address>0x101</load_address>
         <run_address>0x101</run_address>
         <size>0x30</size>
         <input_file_ref idref="fl-2"/>
      </object_component>
      <object_component id="oc-329">
         <name>.debug_line</name>
         <load_address>0x131</load_address>
         <run_address>0x131</run_address>
         <size>0x30</size>
         <input_file_ref idref="fl-2"/>
      </object_component>
      <object_component id="oc-32c">
         <name>.debug_line</name>
         <load_address>0x161</load_address>
         <run_address>0x161</run_address>
         <size>0x30</size>
         <input_file_ref idref="fl-2"/>
      </object_component>
      <object_component id="oc-32e">
         <name>.debug_line</name>
         <load_address>0x191</load_address>
         <run_address>0x191</run_address>
         <size>0x30</size>
         <input_file_ref idref="fl-2"/>
      </object_component>
      <object_component id="oc-330">
         <name>.debug_line</name>
         <load_address>0x1c1</load_address>
         <run_address>0x1c1</run_address>
         <size>0x30</size>
         <input_file_ref idref="fl-2"/>
      </object_component>
      <object_component id="oc-332">
         <name>.debug_line</name>
         <load_address>0x1f1</load_address>
         <run_address>0x1f1</run_address>
         <size>0x30</size>
         <input_file_ref idref="fl-2"/>
      </object_component>
      <object_component id="oc-293">
         <name>.debug_line</name>
         <load_address>0x221</load_address>
         <run_address>0x221</run_address>
         <size>0x44</size>
         <input_file_ref idref="fl-2"/>
      </object_component>
      <object_component id="oc-26f">
         <name>.debug_line</name>
         <load_address>0x265</load_address>
         <run_address>0x265</run_address>
         <size>0x54</size>
         <input_file_ref idref="fl-2"/>
      </object_component>
      <object_component id="oc-1c4">
         <name>.debug_line</name>
         <load_address>0x2b9</load_address>
         <run_address>0x2b9</run_address>
         <size>0x55</size>
         <input_file_ref idref="fl-2"/>
      </object_component>
      <object_component id="oc-323">
         <name>.debug_line</name>
         <load_address>0x30e</load_address>
         <run_address>0x30e</run_address>
         <size>0x4f</size>
         <input_file_ref idref="fl-2"/>
      </object_component>
      <object_component id="oc-29a">
         <name>.debug_line</name>
         <load_address>0x35d</load_address>
         <run_address>0x35d</run_address>
         <size>0x4c</size>
         <input_file_ref idref="fl-2"/>
      </object_component>
      <object_component id="oc-1d9">
         <name>.debug_line</name>
         <load_address>0x3a9</load_address>
         <run_address>0x3a9</run_address>
         <size>0x50</size>
         <input_file_ref idref="fl-2"/>
      </object_component>
      <object_component id="oc-210">
         <name>.debug_line</name>
         <load_address>0x3f9</load_address>
         <run_address>0x3f9</run_address>
         <size>0x5a</size>
         <input_file_ref idref="fl-2"/>
      </object_component>
      <object_component id="oc-1e0">
         <name>.debug_line</name>
         <load_address>0x453</load_address>
         <run_address>0x453</run_address>
         <size>0x47</size>
         <input_file_ref idref="fl-2"/>
      </object_component>
      <object_component id="oc-204">
         <name>.debug_line</name>
         <load_address>0x49a</load_address>
         <run_address>0x49a</run_address>
         <size>0x68</size>
         <input_file_ref idref="fl-2"/>
      </object_component>
      <object_component id="oc-1fe">
         <name>.debug_line</name>
         <load_address>0x502</load_address>
         <run_address>0x502</run_address>
         <size>0x59</size>
         <input_file_ref idref="fl-2"/>
      </object_component>
      <object_component id="oc-20a">
         <name>.debug_line</name>
         <load_address>0x55b</load_address>
         <run_address>0x55b</run_address>
         <size>0x5b</size>
         <input_file_ref idref="fl-2"/>
      </object_component>
      <object_component id="oc-2c6">
         <name>.debug_line</name>
         <load_address>0x5b6</load_address>
         <run_address>0x5b6</run_address>
         <size>0x55</size>
         <input_file_ref idref="fl-2"/>
      </object_component>
      <object_component id="oc-21c">
         <name>.debug_line</name>
         <load_address>0x60b</load_address>
         <run_address>0x60b</run_address>
         <size>0x56</size>
         <input_file_ref idref="fl-2"/>
      </object_component>
      <object_component id="oc-2ab">
         <name>.debug_line</name>
         <load_address>0x661</load_address>
         <run_address>0x661</run_address>
         <size>0x4d</size>
         <input_file_ref idref="fl-2"/>
      </object_component>
      <object_component id="oc-10d">
         <name>.debug_line</name>
         <load_address>0x6ae</load_address>
         <run_address>0x6ae</run_address>
         <size>0x20</size>
         <input_file_ref idref="fl-2"/>
      </object_component>
      <object_component id="oc-22e">
         <name>.debug_line</name>
         <load_address>0x6ce</load_address>
         <run_address>0x6ce</run_address>
         <size>0x68</size>
         <input_file_ref idref="fl-2"/>
      </object_component>
      <object_component id="oc-1d4">
         <name>.debug_line</name>
         <load_address>0x736</load_address>
         <run_address>0x736</run_address>
         <size>0x43</size>
         <input_file_ref idref="fl-3"/>
      </object_component>
      <object_component id="oc-213">
         <name>.debug_line</name>
         <load_address>0x779</load_address>
         <run_address>0x779</run_address>
         <size>0x4c</size>
         <input_file_ref idref="fl-3"/>
      </object_component>
      <object_component id="oc-126">
         <name>.debug_line</name>
         <load_address>0x7c5</load_address>
         <run_address>0x7c5</run_address>
         <size>0x3f</size>
         <input_file_ref idref="fl-3"/>
      </object_component>
      <object_component id="oc-2dd">
         <name>.debug_line</name>
         <load_address>0x804</load_address>
         <run_address>0x804</run_address>
         <size>0x55</size>
         <input_file_ref idref="fl-4"/>
      </object_component>
      <object_component id="oc-236">
         <name>.debug_line</name>
         <load_address>0x859</load_address>
         <run_address>0x859</run_address>
         <size>0x2c</size>
         <input_file_ref idref="fl-4"/>
      </object_component>
      <object_component id="oc-1be">
         <name>.debug_line</name>
         <load_address>0x885</load_address>
         <run_address>0x885</run_address>
         <size>0x4d</size>
         <input_file_ref idref="fl-4"/>
      </object_component>
      <object_component id="oc-2fd">
         <name>.debug_line</name>
         <load_address>0x8d2</load_address>
         <run_address>0x8d2</run_address>
         <size>0x3f</size>
         <input_file_ref idref="fl-4"/>
      </object_component>
      <object_component id="oc-2fa">
         <name>.debug_line</name>
         <load_address>0x911</load_address>
         <run_address>0x911</run_address>
         <size>0x49</size>
         <input_file_ref idref="fl-4"/>
      </object_component>
      <object_component id="oc-303">
         <name>.debug_line</name>
         <load_address>0x95a</load_address>
         <run_address>0x95a</run_address>
         <size>0x4f</size>
         <input_file_ref idref="fl-4"/>
      </object_component>
      <object_component id="oc-131">
         <name>.debug_line</name>
         <load_address>0x9a9</load_address>
         <run_address>0x9a9</run_address>
         <size>0x49</size>
         <input_file_ref idref="fl-4"/>
      </object_component>
      <object_component id="oc-12b">
         <name>.debug_line</name>
         <load_address>0x9f2</load_address>
         <run_address>0x9f2</run_address>
         <size>0x67</size>
         <input_file_ref idref="fl-4"/>
      </object_component>
      <object_component id="oc-2df">
         <name>.debug_line</name>
         <load_address>0xa59</load_address>
         <run_address>0xa59</run_address>
         <size>0xd9</size>
         <input_file_ref idref="fl-5"/>
      </object_component>
      <object_component id="oc-239">
         <name>.debug_line</name>
         <load_address>0xb32</load_address>
         <run_address>0xb32</run_address>
         <size>0x2d</size>
         <input_file_ref idref="fl-5"/>
      </object_component>
      <object_component id="oc-1ea">
         <name>.debug_line</name>
         <load_address>0xb5f</load_address>
         <run_address>0xb5f</run_address>
         <size>0x47</size>
         <input_file_ref idref="fl-5"/>
      </object_component>
      <object_component id="oc-165">
         <name>.debug_line</name>
         <load_address>0xba6</load_address>
         <run_address>0xba6</run_address>
         <size>0x6f</size>
         <input_file_ref idref="fl-5"/>
      </object_component>
      <object_component id="oc-134">
         <name>.debug_line</name>
         <load_address>0xc15</load_address>
         <run_address>0xc15</run_address>
         <size>0x43</size>
         <input_file_ref idref="fl-5"/>
      </object_component>
      <object_component id="oc-345">
         <name>.debug_line</name>
         <load_address>0xc58</load_address>
         <run_address>0xc58</run_address>
         <size>0x2c</size>
         <input_file_ref idref="fl-6"/>
      </object_component>
      <object_component id="oc-2f0">
         <name>.debug_line</name>
         <load_address>0xc84</load_address>
         <run_address>0xc84</run_address>
         <size>0x30</size>
         <input_file_ref idref="fl-6"/>
      </object_component>
      <object_component id="oc-1cb">
         <name>.debug_line</name>
         <load_address>0xcb4</load_address>
         <run_address>0xcb4</run_address>
         <size>0x55</size>
         <input_file_ref idref="fl-6"/>
      </object_component>
      <object_component id="oc-283">
         <name>.debug_line</name>
         <load_address>0xd09</load_address>
         <run_address>0xd09</run_address>
         <size>0x50</size>
         <input_file_ref idref="fl-6"/>
      </object_component>
      <object_component id="oc-274">
         <name>.debug_line</name>
         <load_address>0xd59</load_address>
         <run_address>0xd59</run_address>
         <size>0x46</size>
         <input_file_ref idref="fl-6"/>
      </object_component>
      <object_component id="oc-1e3">
         <name>.debug_line</name>
         <load_address>0xd9f</load_address>
         <run_address>0xd9f</run_address>
         <size>0x47</size>
         <input_file_ref idref="fl-6"/>
      </object_component>
      <object_component id="oc-1ef">
         <name>.debug_line</name>
         <load_address>0xde6</load_address>
         <run_address>0xde6</run_address>
         <size>0x47</size>
         <input_file_ref idref="fl-6"/>
      </object_component>
      <object_component id="oc-1f5">
         <name>.debug_line</name>
         <load_address>0xe2d</load_address>
         <run_address>0xe2d</run_address>
         <size>0x47</size>
         <input_file_ref idref="fl-6"/>
      </object_component>
      <object_component id="oc-347">
         <name>.debug_line</name>
         <load_address>0xe74</load_address>
         <run_address>0xe74</run_address>
         <size>0x58</size>
         <input_file_ref idref="fl-6"/>
      </object_component>
      <object_component id="oc-34d">
         <name>.debug_line</name>
         <load_address>0xecc</load_address>
         <run_address>0xecc</run_address>
         <size>0x58</size>
         <input_file_ref idref="fl-6"/>
      </object_component>
      <object_component id="oc-30c">
         <name>.debug_line</name>
         <load_address>0xf24</load_address>
         <run_address>0xf24</run_address>
         <size>0x63</size>
         <input_file_ref idref="fl-6"/>
      </object_component>
      <object_component id="oc-312">
         <name>.debug_line</name>
         <load_address>0xf87</load_address>
         <run_address>0xf87</run_address>
         <size>0x6c</size>
         <input_file_ref idref="fl-6"/>
      </object_component>
      <object_component id="oc-318">
         <name>.debug_line</name>
         <load_address>0xff3</load_address>
         <run_address>0xff3</run_address>
         <size>0x9f</size>
         <input_file_ref idref="fl-6"/>
      </object_component>
      <object_component id="oc-288">
         <name>.debug_line</name>
         <load_address>0x1092</load_address>
         <run_address>0x1092</run_address>
         <size>0x48</size>
         <input_file_ref idref="fl-6"/>
      </object_component>
      <object_component id="oc-27c">
         <name>.debug_line</name>
         <load_address>0x10da</load_address>
         <run_address>0x10da</run_address>
         <size>0x4d</size>
         <input_file_ref idref="fl-6"/>
      </object_component>
      <object_component id="oc-2f4">
         <name>.debug_line</name>
         <load_address>0x1127</load_address>
         <run_address>0x1127</run_address>
         <size>0x20</size>
         <input_file_ref idref="fl-6"/>
      </object_component>
      <object_component id="oc-175">
         <name>.debug_line</name>
         <load_address>0x1147</load_address>
         <run_address>0x1147</run_address>
         <size>0x2a</size>
         <input_file_ref idref="fl-21"/>
      </object_component>
      <object_component id="oc-6d">
         <name>.debug_line</name>
         <load_address>0x1171</load_address>
         <run_address>0x1171</run_address>
         <size>0x4c</size>
         <input_file_ref idref="fl-22"/>
      </object_component>
      <object_component id="oc-228">
         <name>.debug_line</name>
         <load_address>0x11bd</load_address>
         <run_address>0x11bd</run_address>
         <size>0x75</size>
         <input_file_ref idref="fl-23"/>
      </object_component>
      <object_component id="oc-2da">
         <name>.debug_line</name>
         <load_address>0x1232</load_address>
         <run_address>0x1232</run_address>
         <size>0x2e</size>
         <input_file_ref idref="fl-23"/>
      </object_component>
      <object_component id="oc-232">
         <name>.debug_line</name>
         <load_address>0x1260</load_address>
         <run_address>0x1260</run_address>
         <size>0x20</size>
         <input_file_ref idref="fl-24"/>
      </object_component>
      <object_component id="oc-38">
         <name>.debug_line</name>
         <load_address>0x1280</load_address>
         <run_address>0x1280</run_address>
         <size>0x92</size>
         <input_file_ref idref="fl-24"/>
      </object_component>
      <object_component id="oc-108">
         <name>.debug_line</name>
         <load_address>0x1312</load_address>
         <run_address>0x1312</run_address>
         <size>0x3a</size>
         <input_file_ref idref="fl-24"/>
      </object_component>
      <object_component id="oc-17c">
         <name>.debug_line</name>
         <load_address>0x134c</load_address>
         <run_address>0x134c</run_address>
         <size>0x8a</size>
         <input_file_ref idref="fl-24"/>
      </object_component>
      <object_component id="oc-18c">
         <name>.debug_line</name>
         <load_address>0x13d6</load_address>
         <run_address>0x13d6</run_address>
         <size>0x8a</size>
         <input_file_ref idref="fl-25"/>
      </object_component>
      <object_component id="oc-3b">
         <name>.debug_line</name>
         <load_address>0x1460</load_address>
         <run_address>0x1460</run_address>
         <size>0x50</size>
         <input_file_ref idref="fl-25"/>
      </object_component>
      <object_component id="oc-119">
         <name>.debug_line</name>
         <load_address>0x14b0</load_address>
         <run_address>0x14b0</run_address>
         <size>0x3a</size>
         <input_file_ref idref="fl-25"/>
      </object_component>
      <object_component id="oc-189">
         <name>.debug_line</name>
         <load_address>0x14ea</load_address>
         <run_address>0x14ea</run_address>
         <size>0x8a</size>
         <input_file_ref idref="fl-25"/>
      </object_component>
      <object_component id="oc-199">
         <name>.debug_line</name>
         <load_address>0x1574</load_address>
         <run_address>0x1574</run_address>
         <size>0x20</size>
         <input_file_ref idref="fl-26"/>
      </object_component>
      <object_component id="oc-52">
         <name>.debug_line</name>
         <load_address>0x1594</load_address>
         <run_address>0x1594</run_address>
         <size>0x4d</size>
         <input_file_ref idref="fl-26"/>
      </object_component>
      <object_component id="oc-13d">
         <name>.debug_line</name>
         <load_address>0x15e1</load_address>
         <run_address>0x15e1</run_address>
         <size>0x34</size>
         <input_file_ref idref="fl-26"/>
      </object_component>
      <object_component id="oc-184">
         <name>.debug_line</name>
         <load_address>0x1615</load_address>
         <run_address>0x1615</run_address>
         <size>0x8a</size>
         <input_file_ref idref="fl-26"/>
      </object_component>
      <object_component id="oc-33b">
         <name>.debug_line</name>
         <load_address>0x169f</load_address>
         <run_address>0x169f</run_address>
         <size>0x4d</size>
         <input_file_ref idref="fl-27"/>
      </object_component>
      <object_component id="oc-35b">
         <name>.debug_line</name>
         <load_address>0x16ec</load_address>
         <run_address>0x16ec</run_address>
         <size>0x43</size>
         <input_file_ref idref="fl-28"/>
      </object_component>
      <object_component id="oc-100">
         <name>.debug_line</name>
         <load_address>0x172f</load_address>
         <run_address>0x172f</run_address>
         <size>0x40</size>
         <input_file_ref idref="fl-29"/>
      </object_component>
      <object_component id="oc-16b">
         <name>.debug_line</name>
         <load_address>0x176f</load_address>
         <run_address>0x176f</run_address>
         <size>0x3d</size>
         <input_file_ref idref="fl-2a"/>
      </object_component>
      <object_component id="oc-340">
         <name>.debug_line</name>
         <load_address>0x17ac</load_address>
         <run_address>0x17ac</run_address>
         <size>0x20</size>
         <input_file_ref idref="fl-2c"/>
      </object_component>
      <object_component id="oc-223">
         <name>.debug_line</name>
         <load_address>0x17cc</load_address>
         <run_address>0x17cc</run_address>
         <size>0x71</size>
         <input_file_ref idref="fl-2c"/>
      </object_component>
      <object_component id="oc-120">
         <name>.debug_line</name>
         <load_address>0x183d</load_address>
         <run_address>0x183d</run_address>
         <size>0x3d</size>
         <input_file_ref idref="fl-36"/>
      </object_component>
      <object_component id="oc-f7">
         <name>.debug_line</name>
         <load_address>0x187a</load_address>
         <run_address>0x187a</run_address>
         <size>0x4e</size>
         <input_file_ref idref="fl-37"/>
      </object_component>
      <object_component id="oc-2cb">
         <name>.debug_line</name>
         <load_address>0x18c8</load_address>
         <run_address>0x18c8</run_address>
         <size>0x56</size>
         <input_file_ref idref="fl-38"/>
      </object_component>
      <object_component id="oc-fe">
         <name>.debug_line</name>
         <load_address>0x191e</load_address>
         <run_address>0x191e</run_address>
         <size>0x5e</size>
         <input_file_ref idref="fl-39"/>
      </object_component>
      <object_component id="oc-2d0">
         <name>.debug_line</name>
         <load_address>0x197c</load_address>
         <run_address>0x197c</run_address>
         <size>0x65</size>
         <input_file_ref idref="fl-3a"/>
      </object_component>
      <object_component id="oc-234">
         <name>.debug_line</name>
         <load_address>0x19e1</load_address>
         <run_address>0x19e1</run_address>
         <size>0x20</size>
         <input_file_ref idref="fl-3c"/>
      </object_component>
      <object_component id="oc-110">
         <name>.debug_line</name>
         <load_address>0x1a01</load_address>
         <run_address>0x1a01</run_address>
         <size>0x45</size>
         <input_file_ref idref="fl-3c"/>
      </object_component>
      <object_component id="oc-144">
         <name>.debug_line</name>
         <load_address>0x1a46</load_address>
         <run_address>0x1a46</run_address>
         <size>0x3e</size>
         <input_file_ref idref="fl-3e"/>
      </object_component>
[...]
         <value>0xffee</value>
         <object_component_ref idref="oc-45"/>
      </symbol>
      <symbol id="sm-1d5">
         <name>i2c_busy</name>
         <value>0xcd4c</value>
         <object_component_ref idref="oc-2fc"/>
      </symbol>
      <symbol id="sm-1d6">
         <name>init_i2c</name>
         <value>0xc736</value>
         <object_component_ref idref="oc-1bd"/>
      </symbol>
      <symbol id="sm-1d7">
         <name>i2c_read</name>
         <value>0xc924</value>
         <object_component_ref idref="oc-302"/>
      </symbol>
      <symbol id="sm-1d8">
         <name>i2c_write</name>
         <value>0xcb6e</value>
         <object_component_ref idref="oc-2f6"/>
      </symbol>
      <symbol id="sm-1d9">
         <name>tx_interrupt</name>
         <value>0xc3be</value>
         <object_component_ref idref="oc-127"/>
      </symbol>
      <symbol id="sm-1da">
         <name>rx_interrupt</name>
         <value>0xcbf4</value>
         <object_component_ref idref="oc-12d"/>
      </symbol>
      <symbol id="sm-204">
         <name>timer_interrupt</name>
         <value>0xcd26</value>
         <object_component_ref idref="oc-133"/>
      </symbol>
      <symbol id="sm-205">
         <name>__TI_int09</name>
         <value>0xfff2</value>
         <object_component_ref idref="oc-47"/>
      </symbol>
      <symbol id="sm-206">
         <name>normalizar</name>
         <value>0xccba</value>
         <object_component_ref idref="oc-1e8"/>
      </symbol>
      <symbol id="sm-207">
         <name>main</name>
         <value>0xc000</value>
         <object_component_ref idref="oc-160"/>
      </symbol>
      <symbol id="sm-288">
         <name>MMA8451SetDeviceAddr</name>
         <value>0xcd40</value>
         <object_component_ref idref="oc-272"/>
      </symbol>
      <symbol id="sm-289">
         <name>MMA8451StandBy</name>
         <value>0xca3e</value>
         <object_component_ref idref="oc-346"/>
      </symbol>
      <symbol id="sm-28a">
         <name>MMA8451Reset</name>
         <value>0xc866</value>
         <object_component_ref idref="oc-281"/>
      </symbol>
      <symbol id="sm-28b">
         <name>MMA8451GetYAxis</name>
         <value>0xccfe</value>
         <object_component_ref idref="oc-1ee"/>
      </symbol>
      <symbol id="sm-28c">
         <name>MMA8451GetXAxis</name>
         <value>0xcd1a</value>
         <object_component_ref idref="oc-1e2"/>
      </symbol>
      <symbol id="sm-28d">
         <name>MMA8451GetZAxis</name>
         <value>0xcd0c</value>
         <object_component_ref idref="oc-1f4"/>
      </symbol>
      <symbol id="sm-28e">
         <name>MMA8451DataRate</name>
         <value>0xc5ac</value>
         <object_component_ref idref="oc-311"/>
      </symbol>
      <symbol id="sm-28f">
         <name>MMA8451OrientDetect</name>
         <value>0xccde</value>
         <object_component_ref idref="oc-287"/>
      </symbol>
      <symbol id="sm-290">
         <name>MMA8451Active</name>
         <value>0xc9d6</value>
         <object_component_ref idref="oc-34c"/>
      </symbol>
      <symbol id="sm-291">
         <name>MMA8451OverSampling</name>
         <value>0xc0e4</value>
         <object_component_ref idref="oc-317"/>
      </symbol>
      <symbol id="sm-292">
         <name>MMA8451_2g</name>
         <value>0xc99c</value>
         <object_component_ref idref="oc-30b"/>
      </symbol>
      <symbol id="sm-293">
         <name>MMA8451Init</name>
         <value>0xca0a</value>
         <object_component_ref idref="oc-1c9"/>
      </symbol>
      <symbol id="sm-29b">
         <name>_stack</name>
         <value>0x3b0</value>
         <object_component_ref idref="oc-f1"/>
      </symbol>
      <symbol id="sm-29c">
         <name>_reset_vector</name>
         <value>0xfffe</value>
         <object_component_ref idref="oc-f4"/>
      </symbol>
      <symbol id="sm-2a6">
         <name>_c_int00_noargs_noexit</name>
         <value>0xcc12</value>
         <object_component_ref idref="oc-6b"/>
      </symbol>
      <symbol id="sm-2c5">
         <name>__mspabi_cmpd</name>
         <value>0xc1c2</value>
         <object_component_ref idref="oc-224"/>
      </symbol>
      <symbol id="sm-2e3">
         <name>__TI_decompress_lzss</name>
         <value>0xc4c2</value>
         <object_component_ref idref="oc-34"/>
      </symbol>
      <symbol id="sm-2f9">
         <name>__TI_decompress_none</name>
         <value>0xcc96</value>
         <object_component_ref idref="oc-3a"/>
      </symbol>
      <symbol id="sm-311">
         <name>__TI_zero_init</name>
         <value>0xcc6e</value>
         <object_component_ref idref="oc-4d"/>
      </symbol>
      <symbol id="sm-31d">
         <name>__mspabi_remi</name>
         <value>0xca72</value>
         <object_component_ref idref="oc-337"/>
      </symbol>
      <symbol id="sm-31e">
         <name>__mspabi_divi</name>
         <value>0xca72</value>
         <object_component_ref idref="oc-337"/>
      </symbol>
      <symbol id="sm-328">
         <name>__mspabi_remu</name>
         <value>0xcc42</value>
         <object_component_ref idref="oc-359"/>
      </symbol>
      <symbol id="sm-329">
         <name>__mspabi_divu</name>
         <value>0xcc42</value>
         <object_component_ref idref="oc-359"/>
      </symbol>
      <symbol id="sm-332">
         <name>__mspabi_func_epilog_2</name>
         <value>0xccf8</value>
         <object_component_ref idref="oc-ff"/>
      </symbol>
      <symbol id="sm-333">
         <name>__mspabi_func_epilog_3</name>
         <value>0xccf6</value>
         <object_component_ref idref="oc-ff"/>
      </symbol>
      <symbol id="sm-334">
         <name>__mspabi_func_epilog_1</name>
         <value>0xccfa</value>
         <object_component_ref idref="oc-ff"/>
      </symbol>
      <symbol id="sm-335">
         <name>__mspabi_func_epilog_6</name>
         <value>0xccf0</value>
         <object_component_ref idref="oc-ff"/>
      </symbol>
      <symbol id="sm-336">
         <name>__mspabi_func_epilog_7</name>
         <value>0xccee</value>
         <object_component_ref idref="oc-ff"/>
      </symbol>
      <symbol id="sm-337">
         <name>__mspabi_func_epilog_4</name>
         <value>0xccf4</value>
         <object_component_ref idref="oc-ff"/>
      </symbol>
      <symbol id="sm-338">
         <name>__mspabi_func_epilog_5</name>
         <value>0xccf2</value>
         <object_component_ref idref="oc-ff"/>
      </symbol>
      <symbol id="sm-342">
         <name>C$$EXIT</name>
         <value>0xcd46</value>
         <object_component_ref idref="oc-168"/>
      </symbol>
      <symbol id="sm-343">
         <name>abort</name>
         <value>0xcd46</value>
         <object_component_ref idref="oc-168"/>
      </symbol>
      <symbol id="sm-359">
         <name>__mspabi_fltuld</name>
         <value>0xc334</value>
         <object_component_ref idref="oc-21e"/>
      </symbol>
      <symbol id="sm-35c">
         <name>__TI_int00</name>
         <value>0xffe0</value>
         <object_component_ref idref="oc-40"/>
      </symbol>
      <symbol id="sm-35f">
         <name>__TI_int02</name>
         <value>0xffe4</value>
         <object_component_ref idref="oc-41"/>
      </symbol>
      <symbol id="sm-362">
         <name>__TI_int03</name>
         <value>0xffe6</value>
         <object_component_ref idref="oc-42"/>
      </symbol>
      <symbol id="sm-365">
         <name>__TI_int08</name>
         <value>0xfff0</value>
         <object_component_ref idref="oc-46"/>
      </symbol>
      <symbol id="sm-368">
         <name>__TI_int10</name>
         <value>0xfff4</value>
         <object_component_ref idref="oc-48"/>
      </symbol>
      <symbol id="sm-36b">
         <name>__TI_int11</name>
         <value>0xfff6</value>
         <object_component_ref idref="oc-49"/>
      </symbol>
      <symbol id="sm-36e">
         <name>__TI_int12</name>
         <value>0xfff8</value>
         <object_component_ref idref="oc-4a"/>
      </symbol>
      <symbol id="sm-371">
         <name>__TI_int13</name>
         <value>0xfffa</value>
         <object_component_ref idref="oc-4b"/>
      </symbol>
      <symbol id="sm-374">
         <name>__TI_int14</name>
         <value>0xfffc</value>
         <object_component_ref idref="oc-4c"/>
      </symbol>
      <symbol id="sm-37c">
         <name>__TI_ISR_TRAP</name>
         <value>0xcd38</value>
         <object_component_ref idref="oc-11c"/>
      </symbol>
      <symbol id="sm-384">
         <name>__mspabi_slli</name>
         <value>0xca9e</value>
         <object_component_ref idref="oc-f5"/>
      </symbol>
      <symbol id="sm-385">
         <name>__mspabi_slli_9</name>
         <value>0xcab6</value>
         <object_component_ref idref="oc-f5"/>
      </symbol>
      <symbol id="sm-386">
         <name>__mspabi_slli_8</name>
         <value>0xcab8</value>
         <object_component_ref idref="oc-f5"/>
      </symbol>
      <symbol id="sm-387">
         <name>__mspabi_slli_7</name>
         <value>0xcaba</value>
         <object_component_ref idref="oc-f5"/>
      </symbol>
      <symbol id="sm-388">
         <name>__mspabi_slli_6</name>
         <value>0xcabc</value>
         <object_component_ref idref="oc-f5"/>
      </symbol>
      <symbol id="sm-389">
         <name>__mspabi_slli_5</name>
         <value>0xcabe</value>
         <object_component_ref idref="oc-f5"/>
      </symbol>
      <symbol id="sm-38a">
         <name>__mspabi_slli_4</name>
         <value>0xcac0</value>
         <object_component_ref idref="oc-f5"/>
      </symbol>
      <symbol id="sm-38b">
         <name>__mspabi_slli_3</name>
         <value>0xcac2</value>
         <object_component_ref idref="oc-f5"/>
      </symbol>
      <symbol id="sm-38c">
         <name>__mspabi_slli_2</name>
         <value>0xcac4</value>
         <object_component_ref idref="oc-f5"/>
      </symbol>
      <symbol id="sm-38d">
         <name>__mspabi_slli_1</name>
         <value>0xcac6</value>
         <object_component_ref idref="oc-f5"/>
      </symbol>
      <symbol id="sm-38e">
         <name>__mspabi_slli_15</name>
         <value>0xcaaa</value>
         <object_component_ref idref="oc-f5"/>
      </symbol>
      <symbol id="sm-38f">
         <name>__mspabi_slli_14</name>
         <value>0xcaac</value>
         <object_component_ref idref="oc-f5"/>
      </symbol>
      <symbol id="sm-390">
         <name>__mspabi_slli_13</name>
         <value>0xcaae</value>
         <object_component_ref idref="oc-f5"/>
      </symbol>
      <symbol id="sm-391">
         <name>__mspabi_slli_12</name>
         <value>0xcab0</value>
         <object_component_ref idref="oc-f5"/>
      </symbol>
      <symbol id="sm-392">
         <name>__mspabi_slli_11</name>
         <value>0xcab2</value>
         <object_component_ref idref="oc-f5"/>
      </symbol>
      <symbol id="sm-393">
         <name>__mspabi_slli_10</name>
         <value>0xcab4</value>
         <object_component_ref idref="oc-f5"/>
      </symbol>
      <symbol id="sm-39b">
         <name>__mspabi_slll_9</name>
         <value>0xc8c0</value>
         <object_component_ref idref="oc-2ca"/>
      </symbol>
      <symbol id="sm-39c">
         <name>__mspabi_slll_8</name>
         <value>0xc8c4</value>
         <object_component_ref idref="oc-2ca"/>
      </symbol>
      <symbol id="sm-39d">
         <name>__mspabi_slll_7</name>
         <value>0xc8c8</value>
         <object_component_ref idref="oc-2ca"/>
      </symbol>
      <symbol id="sm-39e">
         <name>__mspabi_slll_6</name>
         <value>0xc8cc</value>
         <object_component_ref idref="oc-2ca"/>
      </symbol>
      <symbol id="sm-39f">
         <name>__mspabi_slll_5</name>
         <value>0xc8d0</value>
         <object_component_ref idref="oc-2ca"/>
      </symbol>
      <symbol id="sm-3a0">
         <name>__mspabi_slll_4</name>
         <value>0xc8d4</value>
         <object_component_ref idref="oc-2ca"/>
      </symbol>
      <symbol id="sm-3a1">
         <name>__mspabi_slll_3</name>
         <value>0xc8d8</value>
         <object_component_ref idref="oc-2ca"/>
      </symbol>
      <symbol id="sm-3a2">
         <name>__mspabi_slll_2</name>
         <value>0xc8dc</value>
         <object_component_ref idref="oc-2ca"/>
      </symbol>
      <symbol id="sm-3a3">
         <name>__mspabi_slll_1</name>
         <value>0xc8e0</value>
         <object_component_ref idref="oc-2ca"/>
      </symbol>
      <symbol id="sm-3a4">
         <name>__mspabi_slll_15</name>
         <value>0xc8a8</value>
         <object_component_ref idref="oc-2ca"/>
      </symbol>
      <symbol id="sm-3a5">
         <name>__mspabi_slll_14</name>
         <value>0xc8ac</value>
         <object_component_ref idref="oc-2ca"/>
      </symbol>
      <symbol id="sm-3a6">
         <name>__mspabi_slll_13</name>
         <value>0xc8b0</value>
         <object_component_ref idref="oc-2ca"/>
      </symbol>
      <symbol id="sm-3a7">
         <name>__mspabi_slll_12</name>
         <value>0xc8b4</value>
         <object_component_ref idref="oc-2ca"/>
      </symbol>
      <symbol id="sm-3a8">
         <name>__mspabi_slll_11</name>
         <value>0xc8b8</value>
         <object_component_ref idref="oc-2ca"/>
      </symbol>
      <symbol id="sm-3a9">
         <name>__mspabi_slll_10</name>
         <value>0xc8bc</value>
         <object_component_ref idref="oc-2ca"/>
      </symbol>
      <symbol id="sm-3b1">
         <name>__mspabi_srli_8</name>
         <value>0xc7b0</value>
         <object_component_ref idref="oc-fa"/>
      </symbol>
      <symbol id="sm-3b2">
         <name>__mspabi_srli_9</name>
         <value>0xc7ac</value>
         <object_component_ref idref="oc-fa"/>
      </symbol>
      <symbol id="sm-3b3">
         <name>__mspabi_srli_6</name>
         <value>0xc7b8</value>
         <object_component_ref idref="oc-fa"/>
      </symbol>
      <symbol id="sm-3b4">
         <name>__mspabi_srli_7</name>
         <value>0xc7b4</value>
         <object_component_ref idref="oc-fa"/>
      </symbol>
      <symbol id="sm-3b5">
         <name>__mspabi_srli_4</name>
         <value>0xc7c0</value>
         <object_component_ref idref="oc-fa"/>
      </symbol>
      <symbol id="sm-3b6">
         <name>__mspabi_srli_5</name>
         <value>0xc7bc</value>
         <object_component_ref idref="oc-fa"/>
      </symbol>
      <symbol id="sm-3b7">
         <name>__mspabi_srli_2</name>
         <value>0xc7c8</value>
         <object_component_ref idref="oc-fa"/>
      </symbol>
      <symbol id="sm-3b8">
         <name>__mspabi_srli_3</name>
         <value>0xc7c4</value>
         <object_component_ref idref="oc-fa"/>
      </symbol>
      <symbol id="sm-3b9">
         <name>__mspabi_srli_1</name>
         <value>0xc7cc</value>
         <object_component_ref idref="oc-fa"/>
      </symbol>
      <symbol id="sm-3ba">
         <name>__mspabi_srli</name>
         <value>0xc786</value>
         <object_component_ref idref="oc-fa"/>
      </symbol>
      <symbol id="sm-3bb">
         <name>__mspabi_srli_15</name>
         <value>0xc794</value>
         <object_component_ref idref="oc-fa"/>
      </symbol>
      <symbol id="sm-3bc">
         <name>__mspabi_srli_14</name>
         <value>0xc798</value>
         <object_component_ref idref="oc-fa"/>
      </symbol>
      <symbol id="sm-3bd">
         <name>__mspabi_srli_13</name>
         <value>0xc79c</value>
         <object_component_ref idref="oc-fa"/>
      </symbol>
      <symbol id="sm-3be">
         <name>__mspabi_srli_12</name>
         <value>0xc7a0</value>
         <object_component_ref idref="oc-fa"/>
      </symbol>
      <symbol id="sm-3bf">
         <name>__mspabi_srli_11</name>
         <value>0xc7a4</value>
         <object_component_ref idref="oc-fa"/>
      </symbol>
      <symbol id="sm-3c0">
         <name>__mspabi_srli_10</name>
         <value>0xc7a8</value>
         <object_component_ref idref="oc-fa"/>
      </symbol>
      <symbol id="sm-3c8">
         <name>__mspabi_srll_8</name>
         <value>0xc6aa</value>
         <object_component_ref idref="oc-2cf"/>
      </symbol>
      <symbol id="sm-3c9">
         <name>__mspabi_srll_9</name>
         <value>0xc6a4</value>
         <object_component_ref idref="oc-2cf"/>
      </symbol>
      <symbol id="sm-3ca">
         <name>__mspabi_srll_6</name>
         <value>0xc6b6</value>
         <object_component_ref idref="oc-2cf"/>
      </symbol>
      <symbol id="sm-3cb">
         <name>__mspabi_srll_7</name>
         <value>0xc6b0</value>
         <object_component_ref idref="oc-2cf"/>
      </symbol>
      <symbol id="sm-3cc">
         <name>__mspabi_srll_4</name>
         <value>0xc6c2</value>
         <object_component_ref idref="oc-2cf"/>
      </symbol>
      <symbol id="sm-3cd">
         <name>__mspabi_srll_5</name>
         <value>0xc6bc</value>
         <object_component_ref idref="oc-2cf"/>
      </symbol>
      <symbol id="sm-3ce">
         <name>__mspabi_srll_2</name>
         <value>0xc6ce</value>
         <object_component_ref idref="oc-2cf"/>
      </symbol>
      <symbol id="sm-3cf">
         <name>__mspabi_srll_3</name>
         <value>0xc6c8</value>
         <object_component_ref idref="oc-2cf"/>
      </symbol>
      <symbol id="sm-3d0">
         <name>__mspabi_srll_1</name>
         <value>0xc6d4</value>
         <object_component_ref idref="oc-2cf"/>
      </symbol>
      <symbol id="sm-3d1">
         <name>__mspabi_srll_15</name>
         <value>0xc680</value>
         <object_component_ref idref="oc-2cf"/>
      </symbol>
      <symbol id="sm-3d2">
         <name>__mspabi_srll_14</name>
         <value>0xc686</value>
         <object_component_ref idref="oc-2cf"/>
      </symbol>
      <symbol id="sm-3d3">
         <name>__mspabi_srll_13</name>
         <value>0xc68c</value>
         <object_component_ref idref="oc-2cf"/>
      </symbol>
      <symbol id="sm-3d4">
         <name>__mspabi_srll_12</name>
         <value>0xc692</value>
         <object_component_ref idref="oc-2cf"/>
      </symbol>
      <symbol id="sm-3d5">
         <name>__mspabi_srll_11</name>
         <value>0xc698</value>
         <object_component_ref idref="oc-2cf"/>
      </symbol>
      <symbol id="sm-3d6">
         <name>__mspabi_srll_10</name>
         <value>0xc69e</value>
         <object_component_ref idref="oc-2cf"/>
      </symbol>
      <symbol id="sm-3e5">
         <name>memcpy</name>
         <value>0xcca8</value>
         <object_component_ref idref="oc-10f"/>
      </symbol>
      <symbol id="sm-3ef">
         <name>_system_pre_init</name>
         <value>0xcd52</value>
         <object_component_ref idref="oc-140"/>
      </symbol>
      <symbol id="sm-40e">
         <name>_auto_init</name>
         <value>0xc53e</value>
         <object_component_ref idref="oc-146"/>
      </symbol>
      <symbol id="sm-424">
         <name>copy_in</name>
         <value>0xc6dc</value>
         <object_component_ref idref="oc-19b"/>
      </symbol>
      <symbol id="sm-42e">
         <name>__mspabi_mpyi_sw</name>
         <value>0xcc82</value>
         <object_component_ref idref="oc-23b"/>
      </symbol>
      <symbol id="sm-42f">
         <name>__mspabi_mpyi</name>
         <value>0xcc82</value>
         <object_component_ref idref="oc-23b"/>
      </symbol>
      <symbol id="sm-438">
         <name>_system_post_cinit</name>
         <value>0xcd56</value>
         <object_component_ref idref="oc-1a1"/>
      </symbol>
      <symbol id="sm-43b">
         <name>__TI_BINIT_Base</name>
         <value>0x0</value>
      </symbol>
      <symbol id="sm-43c">
         <name>__TI_BINIT_Limit</name>
         <value>0x0</value>
      </symbol>
      <symbol id="sm-43d">
         <name>__TI_INITARRAY_Base</name>
         <value>0x0</value>
      </symbol>
      <symbol id="sm-43e">
         <name>__TI_INITARRAY_Limit</name>
         <value>0x0</value>
      </symbol>
   </symbol_table>
   <title>Link successful</title>
</link_info>
